Archive member included to satisfy reference by file (symbol)

ym/microbit/source/microbit.a(MicroBit.cpp.obj)
                              source/CMakeFiles/microbit-samples.dir/workspaces/microbit-samples/source/main.cpp.obj (MicroBit::MicroBit())
ym/microbit-dal/source/microbit-dal.a(MicroBitDevice.cpp.obj)
                              ym/microbit/source/microbit.a(MicroBit.cpp.obj) (microbit_serial_number())
ym/microbit-dal/source/microbit-dal.a(MicroBitFiber.cpp.obj)
                              ym/microbit/source/microbit.a(MicroBit.cpp.obj) (scheduler_init(EventModel&))
ym/microbit-dal/source/microbit-dal.a(MicroBitFont.cpp.obj)
                              ym/microbit-dal/source/microbit-dal.a(MicroBitDevice.cpp.obj) (MicroBitFont::defaultFont)
ym/microbit-dal/source/microbit-dal.a(MicroBitHeapAllocator.cpp.obj)
                              ym/microbit/source/microbit.a(MicroBit.cpp.obj) (microbit_create_heap(unsigned long, unsigned long))
ym/microbit-dal/source/microbit-dal.a(MicroBitListener.cpp.obj)
                              source/CMakeFiles/microbit-samples.dir/workspaces/microbit-samples/source/main.cpp.obj (MicroBitListener::MicroBitListener(unsigned short, unsigned short, void (*)(MicroBitEvent), unsigned short))
ym/microbit-dal/source/microbit-dal.a(MicroBitSystemTimer.cpp.obj)
                              ym/microbit-dal/source/microbit-dal.a(MicroBitFiber.cpp.obj) (system_timer_current_time())
ym/microbit-dal/source/microbit-dal.a(ManagedString.cpp.obj)
                              source/CMakeFiles/microbit-samples.dir/workspaces/microbit-samples/source/main.cpp.obj (ManagedString::~ManagedString())
ym/microbit-dal/source/microbit-dal.a(MicroBitEvent.cpp.obj)
                              ym/microbit/source/microbit.a(MicroBit.cpp.obj) (MicroBitEvent::MicroBitEvent())
ym/microbit-dal/source/microbit-dal.a(MicroBitImage.cpp.obj)
                              ym/microbit/source/microbit.a(MicroBit.cpp.obj) (MicroBitImage::setPixelValue(short, short, unsigned char))
ym/microbit-dal/source/microbit-dal.a(PacketBuffer.cpp.obj)
                              source/CMakeFiles/microbit-samples.dir/workspaces/microbit-samples/source/main.cpp.obj (PacketBuffer::~PacketBuffer())
ym/microbit-dal/source/microbit-dal.a(RefCounted.cpp.obj)
                              ym/microbit-dal/source/microbit-dal.a(ManagedString.cpp.obj) (RefCounted::init())
ym/microbit-dal/source/microbit-dal.a(MicroBitAccelerometer.cpp.obj)
                              ym/microbit/source/microbit.a(MicroBit.cpp.obj) (MicroBitAccelerometer::autoDetect(MicroBitI2C&))
ym/microbit-dal/source/microbit-dal.a(MicroBitButton.cpp.obj)
                              source/CMakeFiles/microbit-samples.dir/workspaces/microbit-samples/source/main.cpp.obj (MicroBitButton::~MicroBitButton())
ym/microbit-dal/source/microbit-dal.a(MicroBitCompass.cpp.obj)
                              ym/microbit/source/microbit.a(MicroBit.cpp.obj) (MicroBitCompass::autoDetect(MicroBitI2C&))
ym/microbit-dal/source/microbit-dal.a(MicroBitCompassCalibrator.cpp.obj)
                              ym/microbit/source/microbit.a(MicroBit.cpp.obj) (MicroBitCompassCalibrator::MicroBitCompassCalibrator(MicroBitCompass&, MicroBitAccelerometer&, MicroBitDisplay&, MicroBitStorage&))
ym/microbit-dal/source/microbit-dal.a(MicroBitDisplay.cpp.obj)
                              source/CMakeFiles/microbit-samples.dir/workspaces/microbit-samples/source/main.cpp.obj (MicroBitDisplay::~MicroBitDisplay())
ym/microbit-dal/source/microbit-dal.a(MicroBitI2C.cpp.obj)
                              source/CMakeFiles/microbit-samples.dir/workspaces/microbit-samples/source/main.cpp.obj (MicroBitI2C::MicroBitI2C(PinName, PinName))
ym/microbit-dal/source/microbit-dal.a(MicroBitIO.cpp.obj)
                              ym/microbit/source/microbit.a(MicroBit.cpp.obj) (MicroBitIO::MicroBitIO(int, int, int, int, int, int, int, int, int, int, int, int, int, int, int, int, int, int, int))
ym/microbit-dal/source/microbit-dal.a(MicroBitLightSensor.cpp.obj)
                              ym/microbit-dal/source/microbit-dal.a(MicroBitDisplay.cpp.obj) (MicroBitLightSensor::read())
ym/microbit-dal/source/microbit-dal.a(MicroBitMessageBus.cpp.obj)
                              source/CMakeFiles/microbit-samples.dir/workspaces/microbit-samples/source/main.cpp.obj (MicroBitMessageBus::add(MicroBitListener*))
ym/microbit-dal/source/microbit-dal.a(MicroBitMultiButton.cpp.obj)
                              ym/microbit/source/microbit.a(MicroBit.cpp.obj) (MicroBitMultiButton::MicroBitMultiButton(unsigned short, unsigned short, unsigned short))
ym/microbit-dal/source/microbit-dal.a(MicroBitPin.cpp.obj)
                              source/CMakeFiles/microbit-samples.dir/workspaces/microbit-samples/source/main.cpp.obj (MicroBitPin::MicroBitPin(int, PinName, PinCapability))
ym/microbit-dal/source/microbit-dal.a(MicroBitRadio.cpp.obj)
[...]
Memory Configuration

Name             Origin             Length             Attributes
FLASH            0x0000000000018000 0x0000000000028000 xr
RAM              0x0000000020002000 0x0000000000002000 xrw
*default*        0x0000000000000000 0xffffffffffffffff

Linker script and memory map

LOAD /usr/lib/gcc/arm-none-eabi/10.3.1/thumb/v6-m/nofp/crti.o
LOAD /usr/lib/gcc/arm-none-eabi/10.3.1/thumb/v6-m/nofp/crtbegin.o
LOAD /usr/lib/gcc/arm-none-eabi/10.3.1/../../../arm-none-eabi/lib/thumb/v6-m/nofp/crt0.o
START GROUP
LOAD source/CMakeFiles/microbit-samples.dir/workspaces/microbit-samples/source/aes.c.obj
LOAD source/CMakeFiles/microbit-samples.dir/workspaces/microbit-samples/source/main.cpp.obj
LOAD source/CMakeFiles/microbit-samples.dir/workspaces/microbit-samples/source/tsl256x.cpp.obj
LOAD source/CMakeFiles/microbit-samples.dir/workspaces/microbit-samples/source/bme280.cpp.obj
LOAD source/CMakeFiles/microbit-samples.dir/workspaces/microbit-samples/source/ssd1306.cpp.obj
LOAD ym/microbit/source/microbit.a
LOAD ym/microbit-dal/source/microbit-dal.a
LOAD ym/ble/source/ble.a
LOAD ym/ble-nrf51822/source/ble-nrf51822.a
LOAD ym/ble/source/ble.a
LOAD ym/ble-nrf51822/source/ble-nrf51822.a
LOAD ym/nrf51-sdk/source/nrf51-sdk.a
LOAD ym/mbed-classic/existing/mbed-classic.a
LOAD /usr/lib/gcc/arm-none-eabi/10.3.1/../../../arm-none-eabi/lib/thumb/v6-m/nofp/libnosys.a
LOAD /usr/lib/gcc/arm-none-eabi/10.3.1/../../../arm-none-eabi/lib/thumb/v6-m/nofp/libstdc++_nano.a
LOAD /usr/lib/gcc/arm-none-eabi/10.3.1/../../../arm-none-eabi/lib/thumb/v6-m/nofp/libsupc++_nano.a
LOAD /usr/lib/gcc/arm-none-eabi/10.3.1/thumb/v6-m/nofp/libgcc.a
LOAD /usr/lib/gcc/arm-none-eabi/10.3.1/../../../arm-none-eabi/lib/thumb/v6-m/nofp/libstdc++_nano.a
LOAD /usr/lib/gcc/arm-none-eabi/10.3.1/../../../arm-none-eabi/lib/thumb/v6-m/nofp/libsupc++_nano.a
LOAD /usr/lib/gcc/arm-none-eabi/10.3.1/../../../arm-none-eabi/lib/thumb/v6-m/nofp/libm.a
LOAD /usr/lib/gcc/arm-none-eabi/10.3.1/../../../arm-none-eabi/lib/thumb/v6-m/nofp/libc_nano.a
LOAD /usr/lib/gcc/arm-none-eabi/10.3.1/thumb/v6-m/nofp/libgcc.a
END GROUP
LOAD /usr/lib/gcc/arm-none-eabi/10.3.1/../../../arm-none-eabi/lib/thumb/v6-m/nofp/libstdc++_nano.a
LOAD /usr/lib/gcc/arm-none-eabi/10.3.1/../../../arm-none-eabi/lib/thumb/v6-m/nofp/libm.a
LOAD /usr/lib/gcc/arm-none-eabi/10.3.1/../../../arm-none-eabi/lib/thumb/v6-m/nofp/libc_nano.a
START GROUP
LOAD /usr/lib/gcc/arm-none-eabi/10.3.1/thumb/v6-m/nofp/libgcc.a
LOAD /usr/lib/gcc/arm-none-eabi/10.3.1/../../../arm-none-eabi/lib/thumb/v6-m/nofp/libc_nano.a
END GROUP
START GROUP
LOAD /usr/lib/gcc/arm-none-eabi/10.3.1/thumb/v6-m/nofp/libgcc.a
LOAD /usr/lib/gcc/arm-none-eabi/10.3.1/../../../arm-none-eabi/lib/thumb/v6-m/nofp/libc_nano.a
END GROUP
LOAD /usr/lib/gcc/arm-none-eabi/10.3.1/thumb/v6-m/nofp/crtend.o
LOAD /usr/lib/gcc/arm-none-eabi/10.3.1/thumb/v6-m/nofp/crtn.o

.text           0x0000000000018000    0x113b4
 *(SORT_BY_ALIGNMENT(.Vectors))
 .Vectors       0x0000000000018000       0xc0 ym/mbed-classic/existing/mbed-classic.a(startup_NRF51822.S.obj)
                0x0000000000018000                __Vectors
 *(SORT_BY_ALIGNMENT(.text*))
 .text          0x00000000000180c0       0x98 /usr/lib/gcc/arm-none-eabi/10.3.1/thumb/v6-m/nofp/crtbegin.o
 .text          0x0000000000018158       0x74 /usr/lib/gcc/arm-none-eabi/10.3.1/../../../arm-none-eabi/lib/thumb/v6-m/nofp/crt0.o
                0x0000000000018158                _stack_init
                0x0000000000018164                _mainCRTStartup
                0x0000000000018164                _start
 .text.KeyExpansion
                0x00000000000181cc       0x74 source/CMakeFiles/microbit-samples.dir/workspaces/microbit-samples/source/aes.c.obj
 .text.Cipher   0x0000000000018240      0x10c source/CMakeFiles/microbit-samples.dir/workspaces/microbit-samples/source/aes.c.obj
 .text.InvCipher
                0x000000000001834c      0x194 source/CMakeFiles/microbit-samples.dir/workspaces/microbit-samples/source/aes.c.obj
 .text._ZN14MicroBitSerialD2Ev
                0x00000000000184e0       0x18 source/CMakeFiles/microbit-samples.dir/workspaces/microbit-samples/source/main.cpp.obj
                0x00000000000184e0                MicroBitSerial::~MicroBitSerial()
                0x00000000000184e0                MicroBitSerial::~MicroBitSerial()
 .text._Z13chiffrerAES3213ManagedString
                0x00000000000184f8       0x64 source/CMakeFiles/microbit-samples.dir/workspaces/microbit-samples/source/main.cpp.obj
                0x00000000000184f8                chiffrerAES32(ManagedString)
 .text._Z15dechiffrerAES3213ManagedString
                0x000000000001855c       0x6c source/CMakeFiles/microbit-samples.dir/workspaces/microbit-samples/source/main.cpp.obj
                0x000000000001855c                dechiffrerAES32(ManagedString)
 .text._Z6onData13MicroBitEvent
                0x00000000000185c8       0x70 source/CMakeFiles/microbit-samples.dir/workspaces/microbit-samples/source/main.cpp.obj
                0x00000000000185c8                onData(MicroBitEvent)
 .text.startup._GLOBAL__sub_I_uBit
                0x0000000000018638       0x74 source/CMakeFiles/microbit-samples.dir/workspaces/microbit-samples/source/main.cpp.obj
 .text._ZN8MicroBitD2Ev
                0x00000000000186ac       0x58 source/CMakeFiles/microbit-samples.dir/workspaces/microbit-samples/source/main.cpp.obj
                0x00000000000186ac                MicroBit::~MicroBit()
                0x00000000000186ac                MicroBit::~MicroBit()
 .text.startup.main
                0x0000000000018704      0x46c source/CMakeFiles/microbit-samples.dir/workspaces/microbit-samples/source/main.cpp.obj
                0x0000000000018704                main
 .text._ZN7tsl256xC2EP8MicroBitP11MicroBitI2Chhhh
                0x0000000000018b70       0x98 source/CMakeFiles/microbit-samples.dir/workspaces/microbit-samples/source/tsl256x.cpp.obj
                0x0000000000018b70                tsl256x::tsl256x(MicroBit*, MicroBitI2C*, unsigned char, unsigned char, unsigned char, unsigned char)
                0x0000000000018b70                tsl256x::tsl256x(MicroBit*, MicroBitI2C*, unsigned char, unsigned char, unsigned char, unsigned char)
 .text._ZN7tsl256x13calculate_luxEtt
                0x0000000000018c08      0x148 source/CMakeFiles/microbit-samples.dir/workspaces/microbit-samples/source/tsl256x.cpp.obj
                0x0000000000018c08                tsl256x::calculate_lux(unsigned short, unsigned short)
 .text._ZN7tsl256x11sensor_readEPtS0_Pm
                0x0000000000018d50       0x68 source/CMakeFiles/microbit-samples.dir/workspaces/microbit-samples/source/tsl256x.cpp.obj
                0x0000000000018d50                tsl256x::sensor_read(unsigned short*, unsigned short*, unsigned long*)
 .text._ZN6bme28012probe_sensorEv
                0x0000000000018db8       0x54 source/CMakeFiles/microbit-samples.dir/workspaces/microbit-samples/source/bme280.cpp.obj
                0x0000000000018db8                bme280::probe_sensor()
 .text._ZN6bme28020get_calibration_dataEv
                0x0000000000018e0c      0x11c source/CMakeFiles/microbit-samples.dir/workspaces/microbit-samples/source/bme280.cpp.obj
                0x0000000000018e0c                bme280::get_calibration_data()
 .text._ZN6bme280C2EP8MicroBitP11MicroBitI2Chhhhhhh
                0x0000000000018f28      0x108 source/CMakeFiles/microbit-samples.dir/workspaces/microbit-samples/source/bme280.cpp.obj
                0x0000000000018f28                bme280::bme280(MicroBit*, MicroBitI2C*, unsigned char, unsigned char, unsigned char, unsigned char, unsigned char, unsigned char, unsigned char)
                0x0000000000018f28                bme280::bme280(MicroBit*, MicroBitI2C*, unsigned char, unsigned char, unsigned char, unsigned char, unsigned char, unsigned char, unsigned char)
 .text._ZN6bme28011sensor_readEPmPlPt
                0x0000000000019030       0x98 source/CMakeFiles/microbit-samples.dir/workspaces/microbit-samples/source/bme280.cpp.obj
                0x0000000000019030                bme280::sensor_read(unsigned long*, long*, unsigned short*)
 .text._ZN6bme28019compensate_pressureEi
                0x00000000000190c8       0xa4 source/CMakeFiles/microbit-samples.dir/workspaces/microbit-samples/source/bme280.cpp.obj
                0x00000000000190c8                bme280::compensate_pressure(int)
 .text._ZN6bme28019compensate_humidityEi
                0x000000000001916c       0x98 source/CMakeFiles/microbit-samples.dir/workspaces/microbit-samples/source/bme280.cpp.obj
                0x000000000001916c                bme280::compensate_humidity(int)
 .text._ZN7ssd130612send_commandEhPhh
                0x0000000000019204       0x7c source/CMakeFiles/microbit-samples.dir/workspaces/microbit-samples/source/ssd1306.cpp.obj
                0x0000000000019204                ssd1306::send_command(unsigned char, unsigned char*, unsigned char)
 .text._ZN7ssd130612set_contrastEh
                0x0000000000019280       0x18 source/CMakeFiles/microbit-samples.dir/workspaces/microbit-samples/source/ssd1306.cpp.obj
                0x0000000000019280                ssd1306::set_contrast(unsigned char)
 .text._ZN7ssd130618set_read_directionEv
                0x0000000000019298       0x24 source/CMakeFiles/microbit-samples.dir/workspaces/microbit-samples/source/ssd1306.cpp.obj
                0x0000000000019298                ssd1306::set_read_direction()
 .text._ZN7ssd130617set_display_clockEhh
                0x00000000000192bc       0x48 source/CMakeFiles/microbit-samples.dir/workspaces/microbit-samples/source/ssd1306.cpp.obj
                0x00000000000192bc                ssd1306::set_display_clock(unsigned char, unsigned char)
 .text._ZN7ssd130610initializeEv
                0x0000000000019304      0x190 source/CMakeFiles/microbit-samples.dir/workspaces/microbit-samples/source/ssd1306.cpp.obj
                0x0000000000019304                ssd1306::initialize()
 .text._ZN7ssd130613update_screenEv
                0x0000000000019494       0x70 source/CMakeFiles/microbit-samples.dir/workspaces/microbit-samples/source/ssd1306.cpp.obj
                0x0000000000019494                ssd1306::update_screen()
 .text._ZN7ssd1306C2EP8MicroBitP11MicroBitI2CP11MicroBitPinh
                0x0000000000019504       0x50 source/CMakeFiles/microbit-samples.dir/workspaces/microbit-samples/source/ssd1306.cpp.obj
                0x0000000000019504                ssd1306::ssd1306(MicroBit*, MicroBitI2C*, MicroBitPin*, unsigned char)
                0x0000000000019504                ssd1306::ssd1306(MicroBit*, MicroBitI2C*, MicroBitPin*, unsigned char)
 .text._ZN7ssd130612display_lineEhhPKc
                0x0000000000019554       0x68 source/CMakeFiles/microbit-samples.dir/workspaces/microbit-samples/source/ssd1306.cpp.obj
                0x0000000000019554                ssd1306::display_line(unsigned char, unsigned char, char const*)
 .text._ZN8MicroBitC2Ev
                0x00000000000195bc      0x16c ym/microbit/source/microbit.a(MicroBit.cpp.obj)
                0x00000000000195bc                MicroBit::MicroBit()
                0x00000000000195bc                MicroBit::MicroBit()
 .text._ZN8MicroBit4initEv
                0x0000000000019728      0x214 ym/microbit/source/microbit.a(MicroBit.cpp.obj)
                0x0000000000019728                MicroBit::init()
 .text.NVIC_SystemReset
                0x000000000001993c       0x18 ym/microbit-dal/source/microbit-dal.a(MicroBitDevice.cpp.obj)
 .text._Z22microbit_friendly_namev
                0x0000000000019954       0x6c ym/microbit-dal/source/microbit-dal.a(MicroBitDevice.cpp.obj)
                0x0000000000019954                microbit_friendly_name()
 .text._Z14microbit_panici
                0x00000000000199c0      0x154 ym/microbit-dal/source/microbit-dal.a(MicroBitDevice.cpp.obj)
                0x00000000000199c0                microbit_panic(int)
 .text._Z20microbit_seed_randomv
                0x0000000000019b14       0x60 ym/microbit-dal/source/microbit-dal.a(MicroBitDevice.cpp.obj)
                0x0000000000019b14                microbit_seed_random()
 .text._Z14scheduler_tickv
                0x0000000000019b74       0x38 ym/microbit-dal/source/microbit-dal.a(MicroBitFiber.cpp.obj)
                0x0000000000019b74                scheduler_tick()
 .text._Z15scheduler_event13MicroBitEvent
                0x0000000000019bac       0xcc ym/microbit-dal/source/microbit-dal.a(MicroBitFiber.cpp.obj)
                0x0000000000019bac                scheduler_event(MicroBitEvent)
 .text._Z15getFiberContextv
                0x0000000000019c78       0x4c ym/microbit-dal/source/microbit-dal.a(MicroBitFiber.cpp.obj)
                0x0000000000019c78                getFiberContext()
 .text._ZL10handle_fobv
                0x0000000000019cc4       0x28 ym/microbit-dal/source/microbit-dal.a(MicroBitFiber.cpp.obj)
 .text._Z14scheduler_initR10EventModel
                0x0000000000019cec       0xac ym/microbit-dal/source/microbit-dal.a(MicroBitFiber.cpp.obj)
                0x0000000000019cec                scheduler_init(EventModel&)
 .text._Z23fiber_scheduler_runningv
                0x0000000000019d98       0x10 ym/microbit-dal/source/microbit-dal.a(MicroBitFiber.cpp.obj)
                0x0000000000019d98                fiber_scheduler_running()
 .text._Z19fiber_wake_on_eventtt
                0x0000000000019da8       0x68 ym/microbit-dal/source/microbit-dal.a(MicroBitFiber.cpp.obj)
                0x0000000000019da8                fiber_wake_on_event(unsigned short, unsigned short)
 .text._Z14__create_fibermmmi
                0x0000000000019e10       0x50 ym/microbit-dal/source/microbit-dal.a(MicroBitFiber.cpp.obj)
                0x0000000000019e10                __create_fiber(unsigned long, unsigned long, unsigned long, int)
 .text._Z12create_fiberPFvPvES_S1_
                0x0000000000019e60       0x24 ym/microbit-dal/source/microbit-dal.a(MicroBitFiber.cpp.obj)
                0x0000000000019e60                create_fiber(void (*)(void*), void*, void (*)(void*))
 .text._Z17verify_stack_sizeP5Fiber
                0x0000000000019e84       0x3c ym/microbit-dal/source/microbit-dal.a(MicroBitFiber.cpp.obj)
                0x0000000000019e84                verify_stack_size(Fiber*)
 .text._Z24scheduler_runqueue_emptyv
                0x0000000000019ec0       0x10 ym/microbit-dal/source/microbit-dal.a(MicroBitFiber.cpp.obj)
                0x0000000000019ec0                scheduler_runqueue_empty()
 .text._Z24fiber_add_idle_componentP17MicroBitComponent
                0x0000000000019ed0       0x1c ym/microbit-dal/source/microbit-dal.a(MicroBitFiber.cpp.obj)
                0x0000000000019ed0                fiber_add_idle_component(MicroBitComponent*)
 .text._Z27fiber_remove_idle_componentP17MicroBitComponent
                0x0000000000019eec       0x1c ym/microbit-dal/source/microbit-dal.a(MicroBitFiber.cpp.obj)
                0x0000000000019eec                fiber_remove_idle_component(MicroBitComponent*)
 .text._Z4idlev
                0x0000000000019f08       0x30 ym/microbit-dal/source/microbit-dal.a(MicroBitFiber.cpp.obj)
                0x0000000000019f08                idle()
 .text._Z8schedulev
                0x0000000000019f38       0xd4 ym/microbit-dal/source/microbit-dal.a(MicroBitFiber.cpp.obj)
                0x0000000000019f38                schedule()
 .text._Z11fiber_sleepm
                0x000000000001a00c       0x3c ym/microbit-dal/source/microbit-dal.a(MicroBitFiber.cpp.obj)
                0x000000000001a00c                fiber_sleep(unsigned long)
 .text._Z13release_fiberv
                0x000000000001a048       0x80 ym/microbit-dal/source/microbit-dal.a(MicroBitFiber.cpp.obj)
                0x000000000001a048                release_fiber()
 .text._Z13release_fiberPv
                0x000000000001a0c8       0x14 ym/microbit-dal/source/microbit-dal.a(MicroBitFiber.cpp.obj)
                0x000000000001a0c8                release_fiber(void*)
 .text._Z6invokePFvPvES_
                0x000000000001a0dc       0x90 ym/microbit-dal/source/microbit-dal.a(MicroBitFiber.cpp.obj)
                0x000000000001a0dc                invoke(void (*)(void*), void*)
 .text._ZN12MicroBitFont13getSystemFontEv
                0x000000000001a16c       0x10 ym/microbit-dal/source/microbit-dal.a(MicroBitFont.cpp.obj)
                0x000000000001a16c                MicroBitFont::getSystemFont()
 .text.startup._GLOBAL__sub_I__ZN12MicroBitFont11defaultFontE
                0x000000000001a17c       0x18 ym/microbit-dal/source/microbit-dal.a(MicroBitFont.cpp.obj)
 .text._Z20microbit_create_heapmm
                0x000000000001a194       0x5c ym/microbit-dal/source/microbit-dal.a(MicroBitHeapAllocator.cpp.obj)
                0x000000000001a194                microbit_create_heap(unsigned long, unsigned long)
 .text.microbit_alloc
                0x000000000001a1f0       0x68 ym/microbit-dal/source/microbit-dal.a(MicroBitHeapAllocator.cpp.obj)
                0x000000000001a1f0                microbit_alloc
                0x000000000001a1f0                malloc
 .text.microbit_free
                0x000000000001a258       0x50 ym/microbit-dal/source/microbit-dal.a(MicroBitHeapAllocator.cpp.obj)
                0x000000000001a258                microbit_free
                0x000000000001a258                free
 .text._Z23system_timer_set_periodi
                0x000000000001a2a8       0x44 ym/microbit-dal/source/microbit-dal.a(MicroBitSystemTimer.cpp.obj)
                0x000000000001a2a8                system_timer_set_period(int)
 .text._Z17system_timer_initi
                0x000000000001a2ec       0x54 ym/microbit-dal/source/microbit-dal.a(MicroBitSystemTimer.cpp.obj)
                0x000000000001a2ec                system_timer_init(int)
 .text._Z23system_timer_get_periodv
                0x000000000001a340        0xc ym/microbit-dal/source/microbit-dal.a(MicroBitSystemTimer.cpp.obj)
                0x000000000001a340                system_timer_get_period()
 .text._Z11update_timev
                0x000000000001a34c       0x44 ym/microbit-dal/source/microbit-dal.a(MicroBitSystemTimer.cpp.obj)
                0x000000000001a34c                update_time()
 .text._Z17system_timer_tickv
                0x000000000001a390       0x24 ym/microbit-dal/source/microbit-dal.a(MicroBitSystemTimer.cpp.obj)
                0x000000000001a390                system_timer_tick()
 .text._Z25system_timer_current_timev
                0x000000000001a3b4       0x1c ym/microbit-dal/source/microbit-dal.a(MicroBitSystemTimer.cpp.obj)
                0x000000000001a3b4                system_timer_current_time()
 .text._Z28system_timer_current_time_usv
                0x000000000001a3d0       0x14 ym/microbit-dal/source/microbit-dal.a(MicroBitSystemTimer.cpp.obj)
                0x000000000001a3d0                system_timer_current_time_us()
 .text._Z26system_timer_add_componentP17MicroBitComponent
                0x000000000001a3e4       0x3c ym/microbit-dal/source/microbit-dal.a(MicroBitSystemTimer.cpp.obj)
                0x000000000001a3e4                system_timer_add_component(MicroBitComponent*)
 .text._Z29system_timer_remove_componentP17MicroBitComponent
                0x000000000001a420       0x1c ym/microbit-dal/source/microbit-dal.a(MicroBitSystemTimer.cpp.obj)
                0x000000000001a420                system_timer_remove_component(MicroBitComponent*)
 .text._ZN13ManagedStringC2EPKc
                0x000000000001a43c       0x20 ym/microbit-dal/source/microbit-dal.a(ManagedString.cpp.obj)
                0x000000000001a43c                ManagedString::ManagedString(char const*)
                0x000000000001a43c                ManagedString::ManagedString(char const*)
 .text._ZN13ManagedStringC2E12PacketBuffer
                0x000000000001a45c       0x60 ym/microbit-dal/source/microbit-dal.a(ManagedString.cpp.obj)
                0x000000000001a45c                ManagedString::ManagedString(PacketBuffer)
                0x000000000001a45c                ManagedString::ManagedString(PacketBuffer)
 .text._ZN13ManagedStringC2EPKcs
                0x000000000001a4bc       0x54 ym/microbit-dal/source/microbit-dal.a(ManagedString.cpp.obj)
                0x000000000001a4bc                ManagedString::ManagedString(char const*, short)
                0x000000000001a4bc                ManagedString::ManagedString(char const*, short)
 .text._ZN13ManagedStringC2Ev
                0x000000000001a510        0xc ym/microbit-dal/source/microbit-dal.a(ManagedString.cpp.obj)
                0x000000000001a510                ManagedString::ManagedString()
                0x000000000001a510                ManagedString::ManagedString()
 .text.startup._GLOBAL__sub_I__ZN13ManagedString9initEmptyEv
                0x000000000001a51c       0x28 ym/microbit-dal/source/microbit-dal.a(ManagedString.cpp.obj)
 .text._ZN13MicroBitEvent4fireEv
                0x000000000001a544       0x28 ym/microbit-dal/source/microbit-dal.a(MicroBitEvent.cpp.obj)
                0x000000000001a544                MicroBitEvent::fire()
 .text._ZN13MicroBitImageC2Ev
                0x000000000001a56c        0xc ym/microbit-dal/source/microbit-dal.a(MicroBitImage.cpp.obj)
                0x000000000001a56c                MicroBitImage::MicroBitImage()
                0x000000000001a56c                MicroBitImage::MicroBitImage()
 .text._ZN13MicroBitImageC2EP9ImageData
                0x000000000001a578       0x1c ym/microbit-dal/source/microbit-dal.a(MicroBitImage.cpp.obj)
                0x000000000001a578                MicroBitImage::MicroBitImage(ImageData*)
                0x000000000001a578                MicroBitImage::MicroBitImage(ImageData*)
 .text._ZN13MicroBitImage13setPixelValueEssh
                0x000000000001a594       0x2c ym/microbit-dal/source/microbit-dal.a(MicroBitImage.cpp.obj)
                0x000000000001a594                MicroBitImage::setPixelValue(short, short, unsigned char)
 .text._ZN13MicroBitImage10printImageEssPKh
                0x000000000001a5c0       0x60 ym/microbit-dal/source/microbit-dal.a(MicroBitImage.cpp.obj)
                0x000000000001a5c0                MicroBitImage::printImage(short, short, unsigned char const*)
 .text._ZN13MicroBitImage4initEssPKh
                0x000000000001a620       0x4c ym/microbit-dal/source/microbit-dal.a(MicroBitImage.cpp.obj)
                0x000000000001a620                MicroBitImage::init(short, short, unsigned char const*)
 .text._ZN13MicroBitImageC2EPKc
                0x000000000001a66c       0xa0 ym/microbit-dal/source/microbit-dal.a(MicroBitImage.cpp.obj)
                0x000000000001a66c                MicroBitImage::MicroBitImage(char const*)
                0x000000000001a66c                MicroBitImage::MicroBitImage(char const*)
 .text._ZN13MicroBitImage5printEcss
                0x000000000001a70c       0x8c ym/microbit-dal/source/microbit-dal.a(MicroBitImage.cpp.obj)
                0x000000000001a70c                MicroBitImage::print(char, short, short)
 .text._ZN13MicroBitImage9shiftLeftEs
                0x000000000001a798       0x50 ym/microbit-dal/source/microbit-dal.a(MicroBitImage.cpp.obj)
                0x000000000001a798                MicroBitImage::shiftLeft(short)
 .text.startup._GLOBAL__sub_I__ZN13MicroBitImage10EmptyImageE
                0x000000000001a7e8       0x28 ym/microbit-dal/source/microbit-dal.a(MicroBitImage.cpp.obj)
 .text.startup._GLOBAL__sub_I__ZN12PacketBuffer11EmptyPacketE
                0x000000000001a810       0x24 ym/microbit-dal/source/microbit-dal.a(PacketBuffer.cpp.obj)
 .text._ZL16isReadOnlyInlineP10RefCounted.isra.0
                0x000000000001a834       0x24 ym/microbit-dal/source/microbit-dal.a(RefCounted.cpp.obj)
 .text._ZN21MicroBitAccelerometer9configureEv
                0x000000000001a858        0x8 ym/microbit-dal/source/microbit-dal.a(MicroBitAccelerometer.cpp.obj)
                0x000000000001a858                MicroBitAccelerometer::configure()
 .text._ZN21MicroBitAccelerometer13requestUpdateEv
                0x000000000001a860       0x10 ym/microbit-dal/source/microbit-dal.a(MicroBitAccelerometer.cpp.obj)
                0x000000000001a860                MicroBitAccelerometer::requestUpdate()
 .text._ZN21MicroBitAccelerometerC2ER15CoordinateSpacet
                0x000000000001a870       0x50 ym/microbit-dal/source/microbit-dal.a(MicroBitAccelerometer.cpp.obj)
                0x000000000001a870                MicroBitAccelerometer::MicroBitAccelerometer(CoordinateSpace&, unsigned short)
                0x000000000001a870                MicroBitAccelerometer::MicroBitAccelerometer(CoordinateSpace&, unsigned short)
 .text._ZN21MicroBitAccelerometer10autoDetectER11MicroBitI2C
                0x000000000001a8c0      0x168 ym/microbit-dal/source/microbit-dal.a(MicroBitAccelerometer.cpp.obj)
                0x000000000001a8c0                MicroBitAccelerometer::autoDetect(MicroBitI2C&)
 .text._ZN21MicroBitAccelerometer20instantaneousPostureEv
                0x000000000001aa28      0x19c ym/microbit-dal/source/microbit-dal.a(MicroBitAccelerometer.cpp.obj)
                0x000000000001aa28                MicroBitAccelerometer::instantaneousPosture()
 .text._ZN14MicroBitButton10systemTickEv
                0x000000000001abc4       0xd8 ym/microbit-dal/source/microbit-dal.a(MicroBitButton.cpp.obj)
                0x000000000001abc4                MicroBitButton::systemTick()
 .text._ZN14MicroBitButtonD2Ev
                0x000000000001ac9c       0x18 ym/microbit-dal/source/microbit-dal.a(MicroBitButton.cpp.obj)
                0x000000000001ac9c                MicroBitButton::~MicroBitButton()
                0x000000000001ac9c                MicroBitButton::~MicroBitButton()
 .text._ZN14MicroBitButtonC2E7PinNamet32MicroBitButtonEventConfiguration7PinMode
                0x000000000001acb4       0x58 ym/microbit-dal/source/microbit-dal.a(MicroBitButton.cpp.obj)
                0x000000000001acb4                MicroBitButton::MicroBitButton(PinName, unsigned short, MicroBitButtonEventConfiguration, PinMode)
                0x000000000001acb4                MicroBitButton::MicroBitButton(PinName, unsigned short, MicroBitButtonEventConfiguration, PinMode)
 .text._ZN15MicroBitCompass9configureEv
                0x000000000001ad0c        0x8 ym/microbit-dal/source/microbit-dal.a(MicroBitCompass.cpp.obj)
                0x000000000001ad0c                MicroBitCompass::configure()
 .text._ZN15MicroBitCompass13requestUpdateEv
                0x000000000001ad14       0x10 ym/microbit-dal/source/microbit-dal.a(MicroBitCompass.cpp.obj)
                0x000000000001ad14                MicroBitCompass::requestUpdate()
 .text._ZN15MicroBitCompassC2ER15CoordinateSpacet
                0x000000000001ad24       0x44 ym/microbit-dal/source/microbit-dal.a(MicroBitCompass.cpp.obj)
                0x000000000001ad24                MicroBitCompass::MicroBitCompass(CoordinateSpace&, unsigned short)
                0x000000000001ad24                MicroBitCompass::MicroBitCompass(CoordinateSpace&, unsigned short)
 .text._ZN15MicroBitCompass10autoDetectER11MicroBitI2C
                0x000000000001ad68      0x160 ym/microbit-dal/source/microbit-dal.a(MicroBitCompass.cpp.obj)
                0x000000000001ad68                MicroBitCompass::autoDetect(MicroBitI2C&)
 .text._ZN10EventModel6listenI25MicroBitCompassCalibratorEEittPT_MS2_Fv13MicroBitEventEt.isra.0
                0x000000000001aec8       0xa4 ym/microbit-dal/source/microbit-dal.a(MicroBitCompassCalibrator.cpp.obj)
 .text._ZN25MicroBitCompassCalibratorC2ER15MicroBitCompassR21MicroBitAccelerometerR15MicroBitDisplayR15MicroBitStorage
                0x000000000001af6c       0x80 ym/microbit-dal/source/microbit-dal.a(MicroBitCompassCalibrator.cpp.obj)
                0x000000000001af6c                MicroBitCompassCalibrator::MicroBitCompassCalibrator(MicroBitCompass&, MicroBitAccelerometer&, MicroBitDisplay&, MicroBitStorage&)
                0x000000000001af6c                MicroBitCompassCalibrator::MicroBitCompassCalibrator(MicroBitCompass&, MicroBitAccelerometer&, MicroBitDisplay&, MicroBitStorage&)
 .text._ZN25MicroBitCompassCalibrator11calibrateUXE13MicroBitEvent
                0x000000000001afec      0x298 ym/microbit-dal/source/microbit-dal.a(MicroBitCompassCalibrator.cpp.obj)
                0x000000000001afec                MicroBitCompassCalibrator::calibrateUX(MicroBitEvent)
 .text._ZN15MicroBitDisplay15renderGreyscaleEv
                0x000000000001b284       0xfc ym/microbit-dal/source/microbit-dal.a(MicroBitDisplay.cpp.obj)
                0x000000000001b284                MicroBitDisplay::renderGreyscale()
 .text._ZN15MicroBitDisplayD2Ev
                0x000000000001b380       0x50 ym/microbit-dal/source/microbit-dal.a(MicroBitDisplay.cpp.obj)
                0x000000000001b380                MicroBitDisplay::~MicroBitDisplay()
                0x000000000001b380                MicroBitDisplay::~MicroBitDisplay()
 .text._ZN15MicroBitDisplayC2EtRK9MatrixMap
                0x000000000001b3d0       0xd8 ym/microbit-dal/source/microbit-dal.a(MicroBitDisplay.cpp.obj)
                0x000000000001b3d0                MicroBitDisplay::MicroBitDisplay(unsigned short, MatrixMap const&)
                0x000000000001b3d0                MicroBitDisplay::MicroBitDisplay(unsigned short, MatrixMap const&)
 .text._ZN15MicroBitDisplay6renderEv
                0x000000000001b4a8       0xf8 ym/microbit-dal/source/microbit-dal.a(MicroBitDisplay.cpp.obj)
                0x000000000001b4a8                MicroBitDisplay::render()
 .text._ZN15MicroBitDisplay26sendAnimationCompleteEventEv
                0x000000000001b5a0       0x24 ym/microbit-dal/source/microbit-dal.a(MicroBitDisplay.cpp.obj)
                0x000000000001b5a0                MicroBitDisplay::sendAnimationCompleteEvent()
 .text._ZN15MicroBitDisplay13stopAnimationEv
                0x000000000001b5c4       0x38 ym/microbit-dal/source/microbit-dal.a(MicroBitDisplay.cpp.obj)
                0x000000000001b5c4                MicroBitDisplay::stopAnimation()
 .text._ZN15MicroBitDisplay18waitForFreeDisplayEv
                0x000000000001b5fc       0x24 ym/microbit-dal/source/microbit-dal.a(MicroBitDisplay.cpp.obj)
                0x000000000001b5fc                MicroBitDisplay::waitForFreeDisplay()
 .text._ZN15MicroBitDisplay9fiberWaitEv
                0x000000000001b620       0x2c ym/microbit-dal/source/microbit-dal.a(MicroBitDisplay.cpp.obj)
                0x000000000001b620                MicroBitDisplay::fiberWait()
 .text._ZN15MicroBitDisplay10printAsyncE13MicroBitImageiiii
                0x000000000001b64c       0x54 ym/microbit-dal/source/microbit-dal.a(MicroBitDisplay.cpp.obj)
                0x000000000001b64c                MicroBitDisplay::printAsync(MicroBitImage, int, int, int, int)
 .text._ZN15MicroBitDisplay5printE13MicroBitImageiiii
                0x000000000001b6a0       0x68 ym/microbit-dal/source/microbit-dal.a(MicroBitDisplay.cpp.obj)
                0x000000000001b6a0                MicroBitDisplay::print(MicroBitImage, int, int, int, int)
 .text._ZN15MicroBitDisplay11scrollAsyncE13ManagedStringi
                0x000000000001b708       0x54 ym/microbit-dal/source/microbit-dal.a(MicroBitDisplay.cpp.obj)
                0x000000000001b708                MicroBitDisplay::scrollAsync(ManagedString, int)
 .text._ZN15MicroBitDisplay6scrollE13ManagedStringi
                0x000000000001b75c       0x4c ym/microbit-dal/source/microbit-dal.a(MicroBitDisplay.cpp.obj)
                0x000000000001b75c                MicroBitDisplay::scroll(ManagedString, int)
 .text._ZN15MicroBitDisplay12animateAsyncE13MicroBitImageiiii
                0x000000000001b7a8       0x74 ym/microbit-dal/source/microbit-dal.a(MicroBitDisplay.cpp.obj)
                0x000000000001b7a8                MicroBitDisplay::animateAsync(MicroBitImage, int, int, int, int)
 .text._ZN15MicroBitDisplay7animateE13MicroBitImageiiii
                0x000000000001b81c       0x60 ym/microbit-dal/source/microbit-dal.a(MicroBitDisplay.cpp.obj)
                0x000000000001b81c                MicroBitDisplay::animate(MicroBitImage, int, int, int, int)
 .text._ZN15MicroBitDisplay13setBrightnessEi
                0x000000000001b87c       0x14 ym/microbit-dal/source/microbit-dal.a(MicroBitDisplay.cpp.obj)
                0x000000000001b87c                MicroBitDisplay::setBrightness(int)
 .text._ZN11MicroBitI2C4readEiPcib
                0x000000000001b890       0x20 ym/microbit-dal/source/microbit-dal.a(MicroBitI2C.cpp.obj)
                0x000000000001b890                MicroBitI2C::read(int, char*, int, bool)
 .text._ZN11MicroBitI2C5writeEiPKcib
                0x000000000001b8b0       0x20 ym/microbit-dal/source/microbit-dal.a(MicroBitI2C.cpp.obj)
                0x000000000001b8b0                MicroBitI2C::write(int, char const*, int, bool)
 .text._ZN11MicroBitI2C12readRegisterEhhPhi
                0x000000000001b8d0       0x4c ym/microbit-dal/source/microbit-dal.a(MicroBitI2C.cpp.obj)
                0x000000000001b8d0                MicroBitI2C::readRegister(unsigned char, unsigned char, unsigned char*, int)
 .text._ZN18MicroBitMessageBus6removeEP16MicroBitListener
                0x000000000001b91c       0x94 ym/microbit-dal/source/microbit-dal.a(MicroBitMessageBus.cpp.obj)
                0x000000000001b91c                MicroBitMessageBus::remove(MicroBitListener*)
 .text._ZN18MicroBitMessageBus3addEP16MicroBitListener
                0x000000000001b9b0       0xd8 ym/microbit-dal/source/microbit-dal.a(MicroBitMessageBus.cpp.obj)
                0x000000000001b9b0                MicroBitMessageBus::add(MicroBitListener*)
 .text._ZN18MicroBitMessageBusD2Ev
                0x000000000001ba88       0x20 ym/microbit-dal/source/microbit-dal.a(MicroBitMessageBus.cpp.obj)
                0x000000000001ba88                MicroBitMessageBus::~MicroBitMessageBus()
                0x000000000001ba88                MicroBitMessageBus::~MicroBitMessageBus()
 .text._ZThn8_N18MicroBitMessageBusD1Ev
                0x000000000001baa8       0x10 ym/microbit-dal/source/microbit-dal.a(MicroBitMessageBus.cpp.obj)
                0x000000000001baa8                non-virtual thunk to MicroBitMessageBus::~MicroBitMessageBus()
 .text._ZThn8_N18MicroBitMessageBusD0Ev
                0x000000000001bab8       0x10 ym/microbit-dal/source/microbit-dal.a(MicroBitMessageBus.cpp.obj)
                0x000000000001bab8                non-virtual thunk to MicroBitMessageBus::~MicroBitMessageBus()
 .text._ZN18MicroBitMessageBusC2Ev
                0x000000000001bac8       0x3c ym/microbit-dal/source/microbit-dal.a(MicroBitMessageBus.cpp.obj)
                0x000000000001bac8                MicroBitMessageBus::MicroBitMessageBus()
                0x000000000001bac8                MicroBitMessageBus::MicroBitMessageBus()
 .text._ZN18MicroBitMessageBus7processE13MicroBitEventb
                0x000000000001bb04       0x98 ym/microbit-dal/source/microbit-dal.a(MicroBitMessageBus.cpp.obj)
                0x000000000001bb04                MicroBitMessageBus::process(MicroBitEvent, bool)
 .text._ZThn8_N18MicroBitMessageBus8idleTickEv
                0x000000000001bb9c       0x10 ym/microbit-dal/source/microbit-dal.a(MicroBitMessageBus.cpp.obj)
                0x000000000001bb9c                non-virtual thunk to MicroBitMessageBus::idleTick()
 .text.startup._GLOBAL__sub_I__ZN18MicroBitMessageBusC2Ev
                0x000000000001bbac       0x10 ym/microbit-dal/source/microbit-dal.a(MicroBitMessageBus.cpp.obj)
 .text._ZN10EventModel6listenI19MicroBitMultiButtonEEittPT_MS2_Fv13MicroBitEventEt.isra.0
                0x000000000001bbbc       0xa4 ym/microbit-dal/source/microbit-dal.a(MicroBitMultiButton.cpp.obj)
 .text._ZN19MicroBitMultiButtonC2Ettt
                0x000000000001bc60       0x70 ym/microbit-dal/source/microbit-dal.a(MicroBitMultiButton.cpp.obj)
                0x000000000001bc60                MicroBitMultiButton::MicroBitMultiButton(unsigned short, unsigned short, unsigned short)
                0x000000000001bc60                MicroBitMultiButton::MicroBitMultiButton(unsigned short, unsigned short, unsigned short)
 .text._ZN11MicroBitPinC2Ei7PinName13PinCapability
                0x000000000001bcd0       0x1c ym/microbit-dal/source/microbit-dal.a(MicroBitPin.cpp.obj)
                0x000000000001bcd0                MicroBitPin::MicroBitPin(int, PinName, PinCapability)
                0x000000000001bcd0                MicroBitPin::MicroBitPin(int, PinName, PinCapability)
 .text._ZN11MicroBitPin10disconnectEv
                0x000000000001bcec       0x88 ym/microbit-dal/source/microbit-dal.a(MicroBitPin.cpp.obj)
                0x000000000001bcec                MicroBitPin::disconnect()
 .text._ZN11MicroBitPin15setDigitalValueEi
                0x000000000001bd74       0x70 ym/microbit-dal/source/microbit-dal.a(MicroBitPin.cpp.obj)
                0x000000000001bd74                MicroBitPin::setDigitalValue(int)
 .text._ZN11MicroBitPin15getDigitalValueEv
                0x000000000001bde4       0x70 ym/microbit-dal/source/microbit-dal.a(MicroBitPin.cpp.obj)
                0x000000000001bde4                MicroBitPin::getDigitalValue()
 .text._ZN11MicroBitPin7setPullE7PinMode
                0x000000000001be54       0x2c ym/microbit-dal/source/microbit-dal.a(MicroBitPin.cpp.obj)
                0x000000000001be54                MicroBitPin::setPull(PinMode)
 .text._ZN13MicroBitRadioC2Et
                0x000000000001be80       0x40 ym/microbit-dal/source/microbit-dal.a(MicroBitRadio.cpp.obj)
                0x000000000001be80                MicroBitRadio::MicroBitRadio(unsigned short)
                0x000000000001be80                MicroBitRadio::MicroBitRadio(unsigned short)
 .text._ZN13MicroBitRadio7setRSSIEi
                0x000000000001bec0       0x14 ym/microbit-dal/source/microbit-dal.a(MicroBitRadio.cpp.obj)
                0x000000000001bec0                MicroBitRadio::setRSSI(int)
 .text._ZN13MicroBitRadio7getRSSIEv
                0x000000000001bed4       0x14 ym/microbit-dal/source/microbit-dal.a(MicroBitRadio.cpp.obj)
                0x000000000001bed4                MicroBitRadio::getRSSI()
 .text._ZN13MicroBitRadio10queueRxBufEv
                0x000000000001bee8       0x60 ym/microbit-dal/source/microbit-dal.a(MicroBitRadio.cpp.obj)
                0x000000000001bee8                MicroBitRadio::queueRxBuf()
 .text.RADIO_IRQHandler
                0x000000000001bf48       0x64 ym/microbit-dal/source/microbit-dal.a(MicroBitRadio.cpp.obj)
                0x000000000001bf48                RADIO_IRQHandler
 .text._ZN13MicroBitRadio8setGroupEh
                0x000000000001bfac       0x28 ym/microbit-dal/source/microbit-dal.a(MicroBitRadio.cpp.obj)
                0x000000000001bfac                MicroBitRadio::setGroup(unsigned char)
 .text._ZN13MicroBitRadio6enableEv
                0x000000000001bfd4      0x128 ym/microbit-dal/source/microbit-dal.a(MicroBitRadio.cpp.obj)
                0x000000000001bfd4                MicroBitRadio::enable()
 .text._ZN13MicroBitRadio4recvEv
                0x000000000001c0fc       0x28 ym/microbit-dal/source/microbit-dal.a(MicroBitRadio.cpp.obj)
                0x000000000001c0fc                MicroBitRadio::recv()
 .text._ZN13MicroBitRadio4sendEP11FrameBuffer
                0x000000000001c124       0xa8 ym/microbit-dal/source/microbit-dal.a(MicroBitRadio.cpp.obj)
                0x000000000001c124                MicroBitRadio::send(FrameBuffer*)
 .text._ZN21MicroBitRadioDatagram4recvEv
                0x000000000001c1cc       0x40 ym/microbit-dal/source/microbit-dal.a(MicroBitRadioDatagram.cpp.obj)
                0x000000000001c1cc                MicroBitRadioDatagram::recv()
 .text._ZN21MicroBitRadioDatagram4sendEPhi
                0x000000000001c20c       0x38 ym/microbit-dal/source/microbit-dal.a(MicroBitRadioDatagram.cpp.obj)
                0x000000000001c20c                MicroBitRadioDatagram::send(unsigned char*, int)
 .text._ZN14MicroBitSerial4baudEi
                0x000000000001c244       0x14 ym/microbit-dal/source/microbit-dal.a(MicroBitSerial.cpp.obj)
                0x000000000001c244                MicroBitSerial::baud(int)
 .text._ZN14MicroBitSerialC2E7PinNameS0_hh
                0x000000000001c258       0x50 ym/microbit-dal/source/microbit-dal.a(MicroBitSerial.cpp.obj)
                0x000000000001c258                MicroBitSerial::MicroBitSerial(PinName, PinName, unsigned char, unsigned char)
                0x000000000001c258                MicroBitSerial::MicroBitSerial(PinName, PinName, unsigned char, unsigned char)
 .text._ZN15MicroBitStorage4sizeEv
                0x000000000001c2a8       0x60 ym/microbit-dal/source/microbit-dal.a(MicroBitStorage.cpp.obj)
                0x000000000001c2a8                MicroBitStorage::size()
 .text._ZN15MicroBitStorage3putEPKcPhi
                0x000000000001c308      0x1ac ym/microbit-dal/source/microbit-dal.a(MicroBitStorage.cpp.obj)
                0x000000000001c308                MicroBitStorage::put(char const*, unsigned char*, int)
 .text._ZN15MicroBitStorage6removeEPKc
                0x000000000001c4b4       0xdc ym/microbit-dal/source/microbit-dal.a(MicroBitStorage.cpp.obj)
                0x000000000001c4b4                MicroBitStorage::remove(char const*)
 .text._ZN19MicroBitThermometerC2ER15MicroBitStoraget
                0x000000000001c590       0x48 ym/microbit-dal/source/microbit-dal.a(MicroBitThermometer.cpp.obj)
                0x000000000001c590                MicroBitThermometer::MicroBitThermometer(MicroBitStorage&, unsigned short)
                0x000000000001c590                MicroBitThermometer::MicroBitThermometer(MicroBitStorage&, unsigned short)
 .text._ZN19MicroBitThermometer12updateSampleEv
                0x000000000001c5d8       0x8c ym/microbit-dal/source/microbit-dal.a(MicroBitThermometer.cpp.obj)
                0x000000000001c5d8                MicroBitThermometer::updateSample()
 .text._ZL18nvmc_event_handlerm
                0x000000000001c664       0x10 ym/microbit-dal/source/microbit-dal.a(MicroBitFlash.cpp.obj)
 .text._ZN13MicroBitFlashC2Ev
                0x000000000001c674       0x24 ym/microbit-dal/source/microbit-dal.a(MicroBitFlash.cpp.obj)
                0x000000000001c674                MicroBitFlash::MicroBitFlash()
                0x000000000001c674                MicroBitFlash::MicroBitFlash()
 .text._ZN13MicroBitFlash10erase_pageEPm
                0x000000000001c698       0x68 ym/microbit-dal/source/microbit-dal.a(MicroBitFlash.cpp.obj)
                0x000000000001c698                MicroBitFlash::erase_page(unsigned long*)
 .text._ZN13MicroBitFlash10flash_burnEPmS0_i
                0x000000000001c700       0x80 ym/microbit-dal/source/microbit-dal.a(MicroBitFlash.cpp.obj)
                0x000000000001c700                MicroBitFlash::flash_burn(unsigned long*, unsigned long*, int)
 .text._ZThn68_N8FXOS87008idleTickEv
                0x000000000001c780       0x10 ym/microbit-dal/source/microbit-dal.a(FXOS8700.cpp.obj)
                0x000000000001c780                non-virtual thunk to FXOS8700::idleTick()
 .text._ZN8FXOS87009configureEv
                0x000000000001c790       0xe4 ym/microbit-dal/source/microbit-dal.a(FXOS8700.cpp.obj)
                0x000000000001c790                FXOS8700::configure()
 .text._ZThn68_N8FXOS87009configureEv
                0x000000000001c874       0x10 ym/microbit-dal/source/microbit-dal.a(FXOS8700.cpp.obj)
                0x000000000001c874                non-virtual thunk to FXOS8700::configure()
 .text._ZN8FXOS8700D2Ev
                0x000000000001c884       0x24 ym/microbit-dal/source/microbit-dal.a(FXOS8700.cpp.obj)
                0x000000000001c884                FXOS8700::~FXOS8700()
                0x000000000001c884                FXOS8700::~FXOS8700()
 .text._ZThn68_N8FXOS8700D1Ev
                0x000000000001c8a8       0x10 ym/microbit-dal/source/microbit-dal.a(FXOS8700.cpp.obj)
                0x000000000001c8a8                non-virtual thunk to FXOS8700::~FXOS8700()
 .text._ZThn68_N8FXOS8700D0Ev
                0x000000000001c8b8       0x10 ym/microbit-dal/source/microbit-dal.a(FXOS8700.cpp.obj)
                0x000000000001c8b8                non-virtual thunk to FXOS8700::~FXOS8700()
 .text._ZN8FXOS870013requestUpdateEv
                0x000000000001c8c8       0xfc ym/microbit-dal/source/microbit-dal.a(FXOS8700.cpp.obj)
                0x000000000001c8c8                FXOS8700::requestUpdate()
 .text._ZThn68_N8FXOS870013requestUpdateEv
                0x000000000001c9c4       0x10 ym/microbit-dal/source/microbit-dal.a(FXOS8700.cpp.obj)
                0x000000000001c9c4                non-virtual thunk to FXOS8700::requestUpdate()
 .text._ZN8FXOS8700C2ER11MicroBitI2C11MicroBitPinR15CoordinateSpacettt
                0x000000000001c9d4       0x80 ym/microbit-dal/source/microbit-dal.a(FXOS8700.cpp.obj)
                0x000000000001c9d4                FXOS8700::FXOS8700(MicroBitI2C&, MicroBitPin, CoordinateSpace&, unsigned short, unsigned short, unsigned short)
                0x000000000001c9d4                FXOS8700::FXOS8700(MicroBitI2C&, MicroBitPin, CoordinateSpace&, unsigned short, unsigned short, unsigned short)
 .text._ZN7MMA86539configureEv
                0x000000000001ca54       0xb0 ym/microbit-dal/source/microbit-dal.a(MMA8653.cpp.obj)
                0x000000000001ca54                MMA8653::configure()
 .text._ZN7MMA8653D2Ev
                0x000000000001cb04       0x18 ym/microbit-dal/source/microbit-dal.a(MMA8653.cpp.obj)
                0x000000000001cb04                MMA8653::~MMA8653()
                0x000000000001cb04                MMA8653::~MMA8653()
 .text._ZN7MMA865313requestUpdateEv
                0x000000000001cb1c       0x78 ym/microbit-dal/source/microbit-dal.a(MMA8653.cpp.obj)
                0x000000000001cb1c                MMA8653::requestUpdate()
 .text._ZN7MMA8653C2ER11MicroBitI2C11MicroBitPinR15CoordinateSpacett
                0x000000000001cb94       0x5c ym/microbit-dal/source/microbit-dal.a(MMA8653.cpp.obj)
                0x000000000001cb94                MMA8653::MMA8653(MicroBitI2C&, MicroBitPin, CoordinateSpace&, unsigned short, unsigned short)
                0x000000000001cb94                MMA8653::MMA8653(MicroBitI2C&, MicroBitPin, CoordinateSpace&, unsigned short, unsigned short)
 .text._ZN7MAG3110D2Ev
                0x000000000001cbf0       0x18 ym/microbit-dal/source/microbit-dal.a(MAG3110.cpp.obj)
                0x000000000001cbf0                MAG3110::~MAG3110()
                0x000000000001cbf0                MAG3110::~MAG3110()
 .text._ZN7MAG31109configureEv
                0x000000000001cc08       0xa4 ym/microbit-dal/source/microbit-dal.a(MAG3110.cpp.obj)
                0x000000000001cc08                MAG3110::configure()
 .text._ZN7MAG311013requestUpdateEv
                0x000000000001ccac       0x90 ym/microbit-dal/source/microbit-dal.a(MAG3110.cpp.obj)
                0x000000000001ccac                MAG3110::requestUpdate()
 .text._ZN7MAG3110C2ER11MicroBitI2C11MicroBitPinR15CoordinateSpacett
                0x000000000001cd3c       0x54 ym/microbit-dal/source/microbit-dal.a(MAG3110.cpp.obj)
                0x000000000001cd3c                MAG3110::MAG3110(MicroBitI2C&, MicroBitPin, CoordinateSpace&, unsigned short, unsigned short)
                0x000000000001cd3c                MAG3110::MAG3110(MicroBitI2C&, MicroBitPin, CoordinateSpace&, unsigned short, unsigned short)
 .text._ZN19LSM303Accelerometer9configureEv
                0x000000000001cd90       0xa0 ym/microbit-dal/source/microbit-dal.a(LSM303Accelerometer.cpp.obj)
                0x000000000001cd90                LSM303Accelerometer::configure()
 .text._ZN19LSM303AccelerometerD2Ev
                0x000000000001ce30       0x18 ym/microbit-dal/source/microbit-dal.a(LSM303Accelerometer.cpp.obj)
                0x000000000001ce30                LSM303Accelerometer::~LSM303Accelerometer()
                0x000000000001ce30                LSM303Accelerometer::~LSM303Accelerometer()
 .text._ZN19LSM303Accelerometer13requestUpdateEv
                0x000000000001ce48       0x94 ym/microbit-dal/source/microbit-dal.a(LSM303Accelerometer.cpp.obj)
                0x000000000001ce48                LSM303Accelerometer::requestUpdate()
 .text._ZN19LSM303AccelerometerC2ER11MicroBitI2C11MicroBitPinR15CoordinateSpacett
                0x000000000001cedc       0x5c ym/microbit-dal/source/microbit-dal.a(LSM303Accelerometer.cpp.obj)
                0x000000000001cedc                LSM303Accelerometer::LSM303Accelerometer(MicroBitI2C&, MicroBitPin, CoordinateSpace&, unsigned short, unsigned short)
                0x000000000001cedc                LSM303Accelerometer::LSM303Accelerometer(MicroBitI2C&, MicroBitPin, CoordinateSpace&, unsigned short, unsigned short)
 .text._ZN18LSM303Magnetometer9configureEv
                0x000000000001cf38       0x60 ym/microbit-dal/source/microbit-dal.a(LSM303Magnetometer.cpp.obj)
                0x000000000001cf38                LSM303Magnetometer::configure()
 .text._ZN18LSM303MagnetometerD2Ev
                0x000000000001cf98       0x18 ym/microbit-dal/source/microbit-dal.a(LSM303Magnetometer.cpp.obj)
                0x000000000001cf98                LSM303Magnetometer::~LSM303Magnetometer()
                0x000000000001cf98                LSM303Magnetometer::~LSM303Magnetometer()
 .text._ZN18LSM303Magnetometer13requestUpdateEv
                0x000000000001cfb0       0x70 ym/microbit-dal/source/microbit-dal.a(LSM303Magnetometer.cpp.obj)
                0x000000000001cfb0                LSM303Magnetometer::requestUpdate()
 .text._ZN18LSM303MagnetometerC2ER11MicroBitI2C11MicroBitPinR15CoordinateSpacett
                0x000000000001d020       0x54 ym/microbit-dal/source/microbit-dal.a(LSM303Magnetometer.cpp.obj)
                0x000000000001d020                LSM303Magnetometer::LSM303Magnetometer(MicroBitI2C&, MicroBitPin, CoordinateSpace&, unsigned short, unsigned short)
                0x000000000001d020                LSM303Magnetometer::LSM303Magnetometer(MicroBitI2C&, MicroBitPin, CoordinateSpace&, unsigned short, unsigned short)
 .text._ZN18MicroBitBLEManagerD2Ev
                0x000000000001d074       0x20 ym/microbit-dal/source/microbit-dal.a(MicroBitBLEManager.cpp.obj)
                0x000000000001d074                MicroBitBLEManager::~MicroBitBLEManager()
                0x000000000001d074                MicroBitBLEManager::~MicroBitBLEManager()
 .text._ZL25bleSysAttrMissingCallbackPK32GattSysAttrMissingCallbackParams
                0x000000000001d094       0xc8 ym/microbit-dal/source/microbit-dal.a(MicroBitBLEManager.cpp.obj)
 .text._ZN18MicroBitBLEManager8idleTickEv
                0x000000000001d15c      0x110 ym/microbit-dal/source/microbit-dal.a(MicroBitBLEManager.cpp.obj)
                0x000000000001d15c                MicroBitBLEManager::idleTick()
 .text._ZN18GattCharacteristicC2ERK4UUIDPhtthPP13GattAttributejb
                0x000000000001d26c       0x8c ym/microbit-dal/source/microbit-dal.a(MicroBitBLEManager.cpp.obj)
                0x000000000001d26c                GattCharacteristic::GattCharacteristic(UUID const&, unsigned char*, unsigned short, unsigned short, unsigned char, GattAttribute**, unsigned int, bool)
                0x000000000001d26c                GattCharacteristic::GattCharacteristic(UUID const&, unsigned char*, unsigned short, unsigned short, unsigned char, GattAttribute**, unsigned int, bool)
 .text._ZN3BLE22setAdvertisingIntervalEt
                0x000000000001d2f8       0x3c ym/microbit-dal/source/microbit-dal.a(MicroBitBLEManager.cpp.obj)
                0x000000000001d2f8                BLE::setAdvertisingInterval(unsigned short)
 .text._ZN24DeviceInformationServiceC2ER3BLEPKcS3_S3_S3_S3_S3_
                0x000000000001d334      0x1dc ym/microbit-dal/source/microbit-dal.a(MicroBitBLEManager.cpp.obj)
                0x000000000001d334                DeviceInformationService::DeviceInformationService(BLE&, char const*, char const*, char const*, char const*, char const*, char const*)
                0x000000000001d334                DeviceInformationService::DeviceInformationService(BLE&, char const*, char const*, char const*, char const*, char const*, char const*)
 .text._ZN18MicroBitBLEManagerC2ER15MicroBitStorage
                0x000000000001d510       0x3c ym/microbit-dal/source/microbit-dal.a(MicroBitBLEManager.cpp.obj)
                0x000000000001d510                MicroBitBLEManager::MicroBitBLEManager(MicroBitStorage&)
                0x000000000001d510                MicroBitBLEManager::MicroBitBLEManager(MicroBitStorage&)
 .text._ZL24bleDisconnectionCallbackPKN3Gap29DisconnectionCallbackParams_tE
                0x000000000001d54c       0x3c ym/microbit-dal/source/microbit-dal.a(MicroBitBLEManager.cpp.obj)
 .text._ZN18MicroBitBLEManager16setTransmitPowerEi
                0x000000000001d588       0x3c ym/microbit-dal/source/microbit-dal.a(MicroBitBLEManager.cpp.obj)
                0x000000000001d588                MicroBitBLEManager::setTransmitPower(int)
 .text._ZN18MicroBitBLEManager4initE13ManagedStringS0_R10EventModelb
                0x000000000001d5c4      0x2c4 ym/microbit-dal/source/microbit-dal.a(MicroBitBLEManager.cpp.obj)
                0x000000000001d5c4                MicroBitBLEManager::init(ManagedString, ManagedString, EventModel&, bool)
 .text._ZL22passkeyDisplayCallbacktPKh
                0x000000000001d888       0x34 ym/microbit-dal/source/microbit-dal.a(MicroBitBLEManager.cpp.obj)
 .text._ZL30securitySetupCompletedCallbacktN15SecurityManager26SecurityCompletionStatus_tE
                0x000000000001d8bc       0x40 ym/microbit-dal/source/microbit-dal.a(MicroBitBLEManager.cpp.obj)
 .text._ZN18MicroBitBLEManager27showManagementModeAnimationER15MicroBitDisplay
                0x000000000001d8fc       0xa8 ym/microbit-dal/source/microbit-dal.a(MicroBitBLEManager.cpp.obj)
                0x000000000001d8fc                MicroBitBLEManager::showManagementModeAnimation(MicroBitDisplay&)
 .text._ZN18MicroBitBLEManager11pairingModeER15MicroBitDisplayR14MicroBitButton
                0x000000000001d9a4      0x298 ym/microbit-dal/source/microbit-dal.a(MicroBitBLEManager.cpp.obj)
                0x000000000001d9a4                MicroBitBLEManager::pairingMode(MicroBitDisplay&, MicroBitButton&)
 .text._ZN18MicroBitDFUServiceC2ER3BLE
                0x000000000001dc3c      0x184 ym/microbit-dal/source/microbit-dal.a(MicroBitDFUService.cpp.obj)
                0x000000000001dc3c                MicroBitDFUService::MicroBitDFUService(BLE&)
                0x000000000001dc3c                MicroBitDFUService::MicroBitDFUService(BLE&)
 .text._ZN20MicroBitEventServiceC2ER3BLER10EventModel
                0x000000000001ddc0      0x20c ym/microbit-dal/source/microbit-dal.a(MicroBitEventService.cpp.obj)
                0x000000000001ddc0                MicroBitEventService::MicroBitEventService(BLE&, EventModel&)
                0x000000000001ddc0                MicroBitEventService::MicroBitEventService(BLE&, EventModel&)
 .text._ZN16MicroBitListenerC2I20MicroBitEventServiceEEttPT_MS2_Fv13MicroBitEventEt
                0x000000000001dfcc       0x70 ym/microbit-dal/source/microbit-dal.a(MicroBitEventService.cpp.obj)
                0x000000000001dfcc                MicroBitListener::MicroBitListener<MicroBitEventService>(unsigned short, unsigned short, MicroBitEventService*, void (MicroBitEventService::*)(MicroBitEvent), unsigned short)
                0x000000000001dfcc                MicroBitListener::MicroBitListener<MicroBitEventService>(unsigned short, unsigned short, MicroBitEventService*, void (MicroBitEventService::*)(MicroBitEvent), unsigned short)
 .text._ZN20MicroBitEventService8idleTickEv
                0x000000000001e03c       0x58 ym/microbit-dal/source/microbit-dal.a(MicroBitEventService.cpp.obj)
                0x000000000001e03c                MicroBitEventService::idleTick()
 .text._ZN20MicroBitEventService13onDataWrittenEPK23GattWriteCallbackParams
                0x000000000001e094       0x90 ym/microbit-dal/source/microbit-dal.a(MicroBitEventService.cpp.obj)
                0x000000000001e094                MicroBitEventService::onDataWritten(GattWriteCallbackParams const*)
 .text          0x000000000001e124      0x124 ym/microbit-dal/source/microbit-dal.a(CortexContextSwitch.s.obj)
                0x000000000001e124                swap_context
                0x000000000001e1a6                save_context
                0x000000000001e1ea                save_register_context
                0x000000000001e21a                restore_register_context
 .text._Z14string_reversePc
                0x000000000001e248       0x2c ym/microbit-dal/source/microbit-dal.a(MicroBitCompat.cpp.obj)
                0x000000000001e248                string_reverse(char*)
 .text._Z4itoaiPc
                0x000000000001e274       0x68 ym/microbit-dal/source/microbit-dal.a(MicroBitCompat.cpp.obj)
                0x000000000001e274                itoa(int, char*)
 .text._ZNK13KeyValueTable4findEm
                0x000000000001e2dc       0x28 ym/microbit-dal/source/microbit-dal.a(MicroBitUtil.cpp.obj)
                0x000000000001e2dc                KeyValueTable::find(unsigned long) const
 .text._ZN3BLEC2Ej.part.0
                0x000000000001e304       0x20 ym/ble/source/ble.a(BLE.cpp.obj)
 .text._ZN3BLE8InstanceEj
                0x000000000001e324       0x48 ym/ble/source/ble.a(BLE.cpp.obj)
                0x000000000001e324                BLE::Instance(unsigned int)
 .text._ZNK3BLE3gapEv
                0x000000000001e36c       0x20 ym/ble/source/ble.a(BLE.cpp.obj)
                0x000000000001e36c                BLE::gap() const
 .text._ZN3BLE3gapEv
                0x000000000001e38c       0x20 ym/ble/source/ble.a(BLE.cpp.obj)
                0x000000000001e38c                BLE::gap()
 .text._ZN3BLE10gattServerEv
                0x000000000001e3ac       0x20 ym/ble/source/ble.a(BLE.cpp.obj)
                0x000000000001e3ac                BLE::gattServer()
 .text._ZN3BLE15securityManagerEv
                0x000000000001e3cc       0x20 ym/ble/source/ble.a(BLE.cpp.obj)
                0x000000000001e3cc                BLE::securityManager()
 .text._ZNK3Gap25getMaxAdvertisingIntervalEv
                0x000000000001e3ec        0x8 ym/ble-nrf51822/source/ble-nrf51822.a(nRF5xn.cpp.obj)
                0x000000000001e3ec                Gap::getMaxAdvertisingInterval() const
 .text._ZN10GattClient16discoverServicesEt26FunctionPointerWithContextIPK17DiscoveredServiceERK4UUID
                0x000000000001e3f4       0x60 ym/ble-nrf51822/source/ble-nrf51822.a(nRF5xn.cpp.obj)
                0x000000000001e3f4                GattClient::discoverServices(unsigned short, FunctionPointerWithContext<DiscoveredService const*>, UUID const&)
 .text._ZNK6nRF5xn18getSecurityManagerEv
                0x000000000001e454       0x34 ym/ble-nrf51822/source/ble-nrf51822.a(nRF5xn.cpp.obj)
                0x000000000001e454                nRF5xn::getSecurityManager() const
 .text._ZN6nRF5xn13getGattClientEv
                0x000000000001e488       0x48 ym/ble-nrf51822/source/ble-nrf51822.a(nRF5xn.cpp.obj)
                0x000000000001e488                nRF5xn::getGattClient()
 .text._ZN38CallChainOfFunctionPointersWithContextIPK3GapED2Ev
                0x000000000001e4d0       0x20 ym/ble-nrf51822/source/ble-nrf51822.a(nRF5xn.cpp.obj)
                0x000000000001e4d0                CallChainOfFunctionPointersWithContext<Gap const*>::~CallChainOfFunctionPointersWithContext()
                0x000000000001e4d0                CallChainOfFunctionPointersWithContext<Gap const*>::~CallChainOfFunctionPointersWithContext()
 .text._ZN38CallChainOfFunctionPointersWithContextIN3Gap15TimeoutSource_tEED2Ev
                0x000000000001e4f0       0x20 ym/ble-nrf51822/source/ble-nrf51822.a(nRF5xn.cpp.obj)
                0x000000000001e4f0                CallChainOfFunctionPointersWithContext<Gap::TimeoutSource_t>::~CallChainOfFunctionPointersWithContext()
                0x000000000001e4f0                CallChainOfFunctionPointersWithContext<Gap::TimeoutSource_t>::~CallChainOfFunctionPointersWithContext()
 .text._ZN38CallChainOfFunctionPointersWithContextIPKN3Gap26ConnectionCallbackParams_tEED2Ev
                0x000000000001e510       0x20 ym/ble-nrf51822/source/ble-nrf51822.a(nRF5xn.cpp.obj)
                0x000000000001e510                CallChainOfFunctionPointersWithContext<Gap::ConnectionCallbackParams_t const*>::~CallChainOfFunctionPointersWithContext()
                0x000000000001e510                CallChainOfFunctionPointersWithContext<Gap::ConnectionCallbackParams_t const*>::~CallChainOfFunctionPointersWithContext()
 .text._ZN38CallChainOfFunctionPointersWithContextIPKN3Gap29DisconnectionCallbackParams_tEED2Ev
                0x000000000001e530       0x20 ym/ble-nrf51822/source/ble-nrf51822.a(nRF5xn.cpp.obj)
                0x000000000001e530                CallChainOfFunctionPointersWithContext<Gap::DisconnectionCallbackParams_t const*>::~CallChainOfFunctionPointersWithContext()
                0x000000000001e530                CallChainOfFunctionPointersWithContext<Gap::DisconnectionCallbackParams_t const*>::~CallChainOfFunctionPointersWithContext()
 .text._ZN38CallChainOfFunctionPointersWithContextIPK15SecurityManagerED2Ev
                0x000000000001e550       0x20 ym/ble-nrf51822/source/ble-nrf51822.a(nRF5xn.cpp.obj)
                0x000000000001e550                CallChainOfFunctionPointersWithContext<SecurityManager const*>::~CallChainOfFunctionPointersWithContext()
                0x000000000001e550                CallChainOfFunctionPointersWithContext<SecurityManager const*>::~CallChainOfFunctionPointersWithContext()
 .text._ZN38CallChainOfFunctionPointersWithContextIPK10GattServerED2Ev
                0x000000000001e570       0x20 ym/ble-nrf51822/source/ble-nrf51822.a(nRF5xn.cpp.obj)
                0x000000000001e570                CallChainOfFunctionPointersWithContext<GattServer const*>::~CallChainOfFunctionPointersWithContext()
                0x000000000001e570                CallChainOfFunctionPointersWithContext<GattServer const*>::~CallChainOfFunctionPointersWithContext()
 .text._ZN38CallChainOfFunctionPointersWithContextIjED2Ev
                0x000000000001e590       0x20 ym/ble-nrf51822/source/ble-nrf51822.a(nRF5xn.cpp.obj)
                0x000000000001e590                CallChainOfFunctionPointersWithContext<unsigned int>::~CallChainOfFunctionPointersWithContext()
                0x000000000001e590                CallChainOfFunctionPointersWithContext<unsigned int>::~CallChainOfFunctionPointersWithContext()
 .text._ZN38CallChainOfFunctionPointersWithContextIPK32GattSysAttrMissingCallbackParamsED2Ev
                0x000000000001e5b0       0x20 ym/ble-nrf51822/source/ble-nrf51822.a(nRF5xn.cpp.obj)
                0x000000000001e5b0                CallChainOfFunctionPointersWithContext<GattSysAttrMissingCallbackParams const*>::~CallChainOfFunctionPointersWithContext()
                0x000000000001e5b0                CallChainOfFunctionPointersWithContext<GattSysAttrMissingCallbackParams const*>::~CallChainOfFunctionPointersWithContext()
 .text._ZN38CallChainOfFunctionPointersWithContextIPK10GattClientED2Ev
                0x000000000001e5d0       0x20 ym/ble-nrf51822/source/ble-nrf51822.a(nRF5xn.cpp.obj)
                0x000000000001e5d0                CallChainOfFunctionPointersWithContext<GattClient const*>::~CallChainOfFunctionPointersWithContext()
                0x000000000001e5d0                CallChainOfFunctionPointersWithContext<GattClient const*>::~CallChainOfFunctionPointersWithContext()
 .text._ZN38CallChainOfFunctionPointersWithContextIPK21GattHVXCallbackParamsED2Ev
                0x000000000001e5f0       0x20 ym/ble-nrf51822/source/ble-nrf51822.a(nRF5xn.cpp.obj)
                0x000000000001e5f0                CallChainOfFunctionPointersWithContext<GattHVXCallbackParams const*>::~CallChainOfFunctionPointersWithContext()
                0x000000000001e5f0                CallChainOfFunctionPointersWithContext<GattHVXCallbackParams const*>::~CallChainOfFunctionPointersWithContext()
 .text._ZN6nRF5xn10getVersionEv
                0x000000000001e610       0x74 ym/ble-nrf51822/source/ble-nrf51822.a(nRF5xn.cpp.obj)
                0x000000000001e610                nRF5xn::getVersion()
 .text._ZN6nRF5xn18getSecurityManagerEv
                0x000000000001e684       0x34 ym/ble-nrf51822/source/ble-nrf51822.a(nRF5xn.cpp.obj)
                0x000000000001e684                nRF5xn::getSecurityManager()
 .text._ZN6nRF5xnD2Ev
                0x000000000001e6b8       0x60 ym/ble-nrf51822/source/ble-nrf51822.a(nRF5xn.cpp.obj)
                0x000000000001e6b8                nRF5xn::~nRF5xn()
                0x000000000001e6b8                nRF5xn::~nRF5xn()
 .text._ZN3Gap5resetEv
                0x000000000001e718       0xcc ym/ble-nrf51822/source/ble-nrf51822.a(nRF5xn.cpp.obj)
                0x000000000001e718                Gap::reset()
 .text._ZN6nRF5xnC2Ev
                0x000000000001e7e4      0x138 ym/ble-nrf51822/source/ble-nrf51822.a(nRF5xn.cpp.obj)
                0x000000000001e7e4                nRF5xn::nRF5xn()
                0x000000000001e7e4                nRF5xn::nRF5xn()
 .text._ZN6nRF5xn8InstanceEj
                0x000000000001e91c       0x24 ym/ble-nrf51822/source/ble-nrf51822.a(nRF5xn.cpp.obj)
                0x000000000001e91c                nRF5xn::Instance(unsigned int)
 .text._ZN26FunctionPointerWithContextItEC2EPFvtE
                0x000000000001e940       0x20 ym/ble-nrf51822/source/ble-nrf51822.a(nRF5xn.cpp.obj)
                0x000000000001e940                FunctionPointerWithContext<unsigned short>::FunctionPointerWithContext(void (*)(unsigned short))
                0x000000000001e940                FunctionPointerWithContext<unsigned short>::FunctionPointerWithContext(void (*)(unsigned short))
 .text._ZN15nRF5xGattServerC2Ev
                0x000000000001e960       0xa8 ym/ble-nrf51822/source/ble-nrf51822.a(nRF5xn.cpp.obj)
                0x000000000001e960                nRF5xGattServer::nRF5xGattServer()
                0x000000000001e960                nRF5xGattServer::nRF5xGattServer()
 .text._ZN38CallChainOfFunctionPointersWithContextIPK23GattWriteCallbackParamsED2Ev
                0x000000000001ea08       0x14 ym/ble-nrf51822/source/ble-nrf51822.a(nRF5xn.cpp.obj)
                0x000000000001ea08                CallChainOfFunctionPointersWithContext<GattWriteCallbackParams const*>::~CallChainOfFunctionPointersWithContext()
                0x000000000001ea08                CallChainOfFunctionPointersWithContext<GattWriteCallbackParams const*>::~CallChainOfFunctionPointersWithContext()
 .text._ZN38CallChainOfFunctionPointersWithContextIPK22GattReadCallbackParamsED2Ev
                0x000000000001ea1c       0x14 ym/ble-nrf51822/source/ble-nrf51822.a(nRF5xn.cpp.obj)
                0x000000000001ea1c                CallChainOfFunctionPointersWithContext<GattReadCallbackParams const*>::~CallChainOfFunctionPointersWithContext()
                0x000000000001ea1c                CallChainOfFunctionPointersWithContext<GattReadCallbackParams const*>::~CallChainOfFunctionPointersWithContext()
 .text._Z27btle_hasInitializedSecurityv
                0x000000000001ea30        0xc ym/ble-nrf51822/source/ble-nrf51822.a(btle_security.cpp.obj)
                0x000000000001ea30                btle_hasInitializedSecurity()
 .text._Z23btle_initializeSecuritybbN15SecurityManager24SecurityIOCapabilities_tEPKh
                0x000000000001ea3c       0xc8 ym/ble-nrf51822/source/ble-nrf51822.a(btle_security.cpp.obj)
                0x000000000001ea3c                btle_initializeSecurity(bool, bool, SecurityManager::SecurityIOCapabilities_t, unsigned char const*)
 .text._Z25btle_purgeAllBondingStatev
                0x000000000001eb04       0x20 ym/ble-nrf51822/source/ble-nrf51822.a(btle_security.cpp.obj)
                0x000000000001eb04                btle_purgeAllBondingState()
 .text._Z20btle_getLinkSecuritytPN15SecurityManager20LinkSecurityStatus_tE
                0x000000000001eb24       0x54 ym/ble-nrf51822/source/ble-nrf51822.a(btle_security.cpp.obj)
                0x000000000001eb24                btle_getLinkSecurity(unsigned short, SecurityManager::LinkSecurityStatus_t*)
 .text._Z20btle_setLinkSecuritytN15SecurityManager14SecurityMode_tE
                0x000000000001eb78       0x4c ym/ble-nrf51822/source/ble-nrf51822.a(btle_security.cpp.obj)
                0x000000000001eb78                btle_setLinkSecurity(unsigned short, SecurityManager::SecurityMode_t)
 .text._Z33btle_createWhitelistFromBondTableP19ble_gap_whitelist_t
                0x000000000001ebc4       0x2c ym/ble-nrf51822/source/ble-nrf51822.a(btle_security.cpp.obj)
                0x000000000001ebc4                btle_createWhitelistFromBondTable(ble_gap_whitelist_t*)
 .text._ZN15nRF5xGattServer4readEtPhPt
                0x000000000001ebf0       0x18 ym/ble-nrf51822/source/ble-nrf51822.a(nRF5xGattServer.cpp.obj)
                0x000000000001ebf0                nRF5xGattServer::read(unsigned short, unsigned char*, unsigned short*)
 .text._ZN15nRF5xGattServer5writeEtPKhtb
                0x000000000001ec08       0x1c ym/ble-nrf51822/source/ble-nrf51822.a(nRF5xGattServer.cpp.obj)
                0x000000000001ec08                nRF5xGattServer::write(unsigned short, unsigned char const*, unsigned short, bool)
 .text._ZN15nRF5xGattServer5writeEttPKhtb
                0x000000000001ec24       0xf0 ym/ble-nrf51822/source/ble-nrf51822.a(nRF5xGattServer.cpp.obj)
                0x000000000001ec24                nRF5xGattServer::write(unsigned short, unsigned short, unsigned char const*, unsigned short, bool)
 .text._ZN15nRF5xGattServer10addServiceER11GattService
                0x000000000001ed14      0x1e0 ym/ble-nrf51822/source/ble-nrf51822.a(nRF5xGattServer.cpp.obj)
                0x000000000001ed14                nRF5xGattServer::addService(GattService&)
 .text._ZN15nRF5xGattServer5resetEv
                0x000000000001eef4       0x50 ym/ble-nrf51822/source/ble-nrf51822.a(nRF5xGattServer.cpp.obj)
                0x000000000001eef4                nRF5xGattServer::reset()
 .text._ZN8nRF5xGap25getPermittedTxPowerValuesEPPKaPj
                0x000000000001ef44       0x10 ym/ble-nrf51822/source/ble-nrf51822.a(nRF5xGap.cpp.obj)
                0x000000000001ef44                nRF5xGap::getPermittedTxPowerValues(signed char const**, unsigned int*)
 .text._Z31radioNotificationStaticCallbackb
                0x000000000001ef54       0x40 ym/ble-nrf51822/source/ble-nrf51822.a(nRF5xGap.cpp.obj)
                0x000000000001ef54                radioNotificationStaticCallback(bool)
 .text._ZN8nRF5xGap21initRadioNotificationEv
                0x000000000001ef94       0x20 ym/ble-nrf51822/source/ble-nrf51822.a(nRF5xGap.cpp.obj)
                0x000000000001ef94                nRF5xGap::initRadioNotification()
 .text._ZN8nRF5xGap22generateStackWhitelistER19ble_gap_whitelist_t
                0x000000000001efb4       0xdc ym/ble-nrf51822/source/ble-nrf51822.a(nRF5xGap.cpp.obj)
                0x000000000001efb4                nRF5xGap::generateStackWhitelist(ble_gap_whitelist_t&)
 .text._ZN8nRF5xGap16startAdvertisingERK20GapAdvertisingParams
                0x000000000001f090       0xa8 ym/ble-nrf51822/source/ble-nrf51822.a(nRF5xGap.cpp.obj)
                0x000000000001f090                nRF5xGap::startAdvertising(GapAdvertisingParams const&)
 .text._ZN8nRF5xGap7connectEPKhN11BLEProtocol11AddressType4TypeEPKN3Gap18ConnectionParams_tEPK17GapScanningParams
                0x000000000001f138      0x104 ym/ble-nrf51822/source/ble-nrf51822.a(nRF5xGap.cpp.obj)
                0x000000000001f138                nRF5xGap::connect(unsigned char const*, BLEProtocol::AddressType::Type, Gap::ConnectionParams_t const*, GapScanningParams const*)
 .text._ZL16sys_evt_dispatchm
                0x000000000001f23c       0x1c ym/ble-nrf51822/source/ble-nrf51822.a(btle.cpp.obj)
 .text._ZL12btle_handlerP9ble_evt_t
                0x000000000001f258      0x178 ym/ble-nrf51822/source/ble-nrf51822.a(btle.cpp.obj)
 .text.btle_set_gatt_table_size
                0x000000000001f3d0       0x14 ym/ble-nrf51822/source/ble-nrf51822.a(btle.cpp.obj)
                0x000000000001f3d0                btle_set_gatt_table_size
 .text.btle_set_user_evt_handler
                0x000000000001f3e4        0xc ym/ble-nrf51822/source/ble-nrf51822.a(btle.cpp.obj)
                0x000000000001f3e4                btle_set_user_evt_handler
 .text.btle_init
                0x000000000001f3f0       0xa4 ym/ble-nrf51822/source/ble-nrf51822.a(btle.cpp.obj)
                0x000000000001f3f0                btle_init
 .text.app_error_handler
                0x000000000001f494       0x20 ym/ble-nrf51822/source/ble-nrf51822.a(btle.cpp.obj)
                0x000000000001f494                app_error_handler
 .text._Z13btle_gap_initv
                0x000000000001f4b4       0x54 ym/ble-nrf51822/source/ble-nrf51822.a(btle_gap.cpp.obj)
                0x000000000001f4b4                btle_gap_init()
 .text.custom_convert_to_nordic_uuid
                0x000000000001f508       0xa4 ym/ble-nrf51822/source/ble-nrf51822.a(custom_helper.cpp.obj)
                0x000000000001f508                custom_convert_to_nordic_uuid
 .text._ZN17GapScanningParamsC2Etttb
                0x000000000001f5ac       0x60 ym/ble/source/ble.a(GapScanningParams.cpp.obj)
                0x000000000001f5ac                GapScanningParams::GapScanningParams(unsigned short, unsigned short, unsigned short, bool)
                0x000000000001f5ac                GapScanningParams::GapScanningParams(unsigned short, unsigned short, unsigned short, bool)
 .text.SWI1_IRQHandler
                0x000000000001f60c       0x20 ym/nrf51-sdk/source/nrf51-sdk.a(ble_radio_notification.c.obj)
                0x000000000001f60c                SWI1_IRQHandler
 .text.ble_radio_notification_init
                0x000000000001f62c       0x38 ym/nrf51-sdk/source/nrf51-sdk.a(ble_radio_notification.c.obj)
                0x000000000001f62c                ble_radio_notification_init
 .text.intern_softdevice_events_execute
                0x000000000001f664       0xa0 ym/nrf51-sdk/source/nrf51-sdk.a(softdevice_handler.c.obj)
                0x000000000001f664                intern_softdevice_events_execute
 .text.softdevice_handler_init
                0x000000000001f704       0x48 ym/nrf51-sdk/source/nrf51-sdk.a(softdevice_handler.c.obj)
                0x000000000001f704                softdevice_handler_init
 .text.softdevice_handler_sd_disable
                0x000000000001f74c       0x18 ym/nrf51-sdk/source/nrf51-sdk.a(softdevice_handler.c.obj)
                0x000000000001f74c                softdevice_handler_sd_disable
 .text.softdevice_ble_evt_handler_set
                0x000000000001f764       0x14 ym/nrf51-sdk/source/nrf51-sdk.a(softdevice_handler.c.obj)
                0x000000000001f764                softdevice_ble_evt_handler_set
 .text.softdevice_sys_evt_handler_set
                0x000000000001f778       0x14 ym/nrf51-sdk/source/nrf51-sdk.a(softdevice_handler.c.obj)
                0x000000000001f778                softdevice_sys_evt_handler_set
 .text.SWI2_IRQHandler
                0x000000000001f78c       0x24 ym/nrf51-sdk/source/nrf51-sdk.a(softdevice_handler.c.obj)
                0x000000000001f78c                SWI2_IRQHandler
 .text.gatts_context_store
                0x000000000001f7b0       0xc0 ym/nrf51-sdk/source/nrf51-sdk.a(device_manager_peripheral.c.obj)
 .text.device_context_store
                0x000000000001f870       0xb0 ym/nrf51-sdk/source/nrf51-sdk.a(device_manager_peripheral.c.obj)
 .text.gatts_context_load
                0x000000000001f920       0x34 ym/nrf51-sdk/source/nrf51-sdk.a(device_manager_peripheral.c.obj)
 .text.gatts_context_apply
                0x000000000001f954       0xc4 ym/nrf51-sdk/source/nrf51-sdk.a(device_manager_peripheral.c.obj)
 .text.peer_instance_init
                0x000000000001fa18       0x48 ym/nrf51-sdk/source/nrf51-sdk.a(device_manager_peripheral.c.obj)
 .text.device_instance_free
                0x000000000001fa60       0x2c ym/nrf51-sdk/source/nrf51-sdk.a(device_manager_peripheral.c.obj)
 .text.dm_pstorage_cb_handler
                0x000000000001fa8c      0x128 ym/nrf51-sdk/source/nrf51-sdk.a(device_manager_peripheral.c.obj)
 .text.dm_init  0x000000000001fbb4       0xd4 ym/nrf51-sdk/source/nrf51-sdk.a(device_manager_peripheral.c.obj)
                0x000000000001fbb4                dm_init
 .text.dm_register
                0x000000000001fc88       0x70 ym/nrf51-sdk/source/nrf51-sdk.a(device_manager_peripheral.c.obj)
                0x000000000001fc88                dm_register
 .text.dm_security_status_req
                0x000000000001fcf8       0x74 ym/nrf51-sdk/source/nrf51-sdk.a(device_manager_peripheral.c.obj)
                0x000000000001fcf8                dm_security_status_req
 .text.dm_whitelist_create
                0x000000000001fd6c       0xb8 ym/nrf51-sdk/source/nrf51-sdk.a(device_manager_peripheral.c.obj)
                0x000000000001fd6c                dm_whitelist_create
 .text.dm_device_delete_all
                0x000000000001fe24       0x54 ym/nrf51-sdk/source/nrf51-sdk.a(device_manager_peripheral.c.obj)
                0x000000000001fe24                dm_device_delete_all
 .text.dm_application_context_set
                0x000000000001fe78        0x8 ym/nrf51-sdk/source/nrf51-sdk.a(device_manager_peripheral.c.obj)
                0x000000000001fe78                dm_application_context_set
 .text.dm_peer_addr_get
                0x000000000001fe80       0x8c ym/nrf51-sdk/source/nrf51-sdk.a(device_manager_peripheral.c.obj)
                0x000000000001fe80                dm_peer_addr_get
 .text.dm_distributed_keys_get
                0x000000000001ff0c       0xb0 ym/nrf51-sdk/source/nrf51-sdk.a(device_manager_peripheral.c.obj)
                0x000000000001ff0c                dm_distributed_keys_get
 .text.bond_data_load
                0x000000000001ffbc       0x48 ym/nrf51-sdk/source/nrf51-sdk.a(device_manager_peripheral.c.obj)
                0x000000000001ffbc                bond_data_load
 .text.address_to_device_id
                0x0000000000020004       0x2c ym/nrf51-sdk/source/nrf51-sdk.a(device_manager_peripheral.c.obj)
                0x0000000000020004                address_to_device_id
 .text.dm_ble_evt_handler
                0x0000000000020030      0x38c ym/nrf51-sdk/source/nrf51-sdk.a(device_manager_peripheral.c.obj)
                0x0000000000020030                dm_ble_evt_handler
 .text.dm_handle_get
                0x00000000000203bc       0x48 ym/nrf51-sdk/source/nrf51-sdk.a(device_manager_peripheral.c.obj)
                0x00000000000203bc                dm_handle_get
 .text.dfu_app_on_dfu_evt
                0x0000000000020404      0x16c ym/nrf51-sdk/source/nrf51-sdk.a(dfu_app_handler.c.obj)
                0x0000000000020404                dfu_app_on_dfu_evt
 .text.bootloader_util_app_start
                0x0000000000020570       0x3c ym/nrf51-sdk/source/nrf51-sdk.a(bootloader_util.c.obj)
                0x0000000000020570                bootloader_util_app_start
 .text.ble_dfu_response_send
                0x00000000000205ac       0x64 ym/nrf51-sdk/source/nrf51-sdk.a(ble_dfu.c.obj)
                0x00000000000205ac                ble_dfu_response_send
 .text.pstorage_flash_page_end
                0x0000000000020610       0x20 ym/nrf51-sdk/source/nrf51-sdk.a(pstorage.c.obj)
 .text.swap_sub_state_entry_action_run
                0x0000000000020630       0x18 ym/nrf51-sdk/source/nrf51-sdk.a(pstorage.c.obj)
 .text.cmd_queue_element_init
                0x0000000000020648       0x20 ym/nrf51-sdk/source/nrf51-sdk.a(pstorage.c.obj)
 .text.app_notify
                0x0000000000020668       0x2c ym/nrf51-sdk/source/nrf51-sdk.a(pstorage.c.obj)
 .text.is_page_erase_required
                0x0000000000020694       0x50 ym/nrf51-sdk/source/nrf51-sdk.a(pstorage.c.obj)
 .text.swap_sub_state_err_busy_process
                0x00000000000206e4       0x18 ym/nrf51-sdk/source/nrf51-sdk.a(pstorage.c.obj)
 .text.data_to_swap_write_state_run
                0x00000000000206fc       0x30 ym/nrf51-sdk/source/nrf51-sdk.a(pstorage.c.obj)
 .text.swap_erase_state_run
                0x000000000002072c       0x24 ym/nrf51-sdk/source/nrf51-sdk.a(pstorage.c.obj)
 .text.flash_api_err_code_process
                0x0000000000020750       0x40 ym/nrf51-sdk/source/nrf51-sdk.a(pstorage.c.obj)
 .text.store_cmd_flash_write_execute
                0x0000000000020790       0x54 ym/nrf51-sdk/source/nrf51-sdk.a(pstorage.c.obj)
 .text.state_restore_head_entry_run
                0x00000000000207e4       0x34 ym/nrf51-sdk/source/nrf51-sdk.a(pstorage.c.obj)
 .text.state_restore_tail_entry_run
                0x0000000000020818       0x48 ym/nrf51-sdk/source/nrf51-sdk.a(pstorage.c.obj)
 .text.state_write_data_swap_entry_run
                0x0000000000020860       0x2c ym/nrf51-sdk/source/nrf51-sdk.a(pstorage.c.obj)
 .text.state_data_erase_entry_run
                0x000000000002088c       0x14 ym/nrf51-sdk/source/nrf51-sdk.a(pstorage.c.obj)
 .text.state_entry_action_run
                0x00000000000208a0       0xc4 ym/nrf51-sdk/source/nrf51-sdk.a(pstorage.c.obj)
 .text.clear_operation_execute
                0x0000000000020964      0x110 ym/nrf51-sdk/source/nrf51-sdk.a(pstorage.c.obj)
 .text.cmd_process
                0x0000000000020a74       0x3c ym/nrf51-sdk/source/nrf51-sdk.a(pstorage.c.obj)
 .text.cmd_queue_enqueue
                0x0000000000020ab0       0x54 ym/nrf51-sdk/source/nrf51-sdk.a(pstorage.c.obj)
 .text.command_end_procedure_run
                0x0000000000020b04       0x44 ym/nrf51-sdk/source/nrf51-sdk.a(pstorage.c.obj)
 .text.clear_post_processing_run
                0x0000000000020b48       0x2c ym/nrf51-sdk/source/nrf51-sdk.a(pstorage.c.obj)
 .text.head_restore_state_run
                0x0000000000020b74       0x9c ym/nrf51-sdk/source/nrf51-sdk.a(pstorage.c.obj)
 .text.tail_restore_state_run
                0x0000000000020c10       0x1c ym/nrf51-sdk/source/nrf51-sdk.a(pstorage.c.obj)
 .text.data_page_erase_state_run
                0x0000000000020c2c       0x78 ym/nrf51-sdk/source/nrf51-sdk.a(pstorage.c.obj)
 .text.flash_operation_success_run
                0x0000000000020ca4       0x98 ym/nrf51-sdk/source/nrf51-sdk.a(pstorage.c.obj)
 .text.pstorage_sys_event_handler
                0x0000000000020d3c       0x68 ym/nrf51-sdk/source/nrf51-sdk.a(pstorage.c.obj)
                0x0000000000020d3c                pstorage_sys_event_handler
 .text.pstorage_init
                0x0000000000020da4       0x70 ym/nrf51-sdk/source/nrf51-sdk.a(pstorage.c.obj)
                0x0000000000020da4                pstorage_init
 .text.pstorage_register
                0x0000000000020e14       0xbc ym/nrf51-sdk/source/nrf51-sdk.a(pstorage.c.obj)
                0x0000000000020e14                pstorage_register
 .text.pstorage_block_identifier_get
                0x0000000000020ed0       0x4c ym/nrf51-sdk/source/nrf51-sdk.a(pstorage.c.obj)
                0x0000000000020ed0                pstorage_block_identifier_get
 .text.pstorage_store
                0x0000000000020f1c       0x78 ym/nrf51-sdk/source/nrf51-sdk.a(pstorage.c.obj)
                0x0000000000020f1c                pstorage_store
 .text.pstorage_update
                0x0000000000020f94       0x78 ym/nrf51-sdk/source/nrf51-sdk.a(pstorage.c.obj)
                0x0000000000020f94                pstorage_update
 .text.pstorage_load
                0x000000000002100c       0x94 ym/nrf51-sdk/source/nrf51-sdk.a(pstorage.c.obj)
                0x000000000002100c                pstorage_load
 .text.pstorage_clear
                0x00000000000210a0       0x84 ym/nrf51-sdk/source/nrf51-sdk.a(pstorage.c.obj)
                0x00000000000210a0                pstorage_clear
 .text._ZN4mbed3I2CC2E7PinNameS1_
                0x0000000000021124       0x30 ym/mbed-classic/existing/mbed-classic.a(I2C.cpp.obj)
                0x0000000000021124                mbed::I2C::I2C(PinName, PinName)
                0x0000000000021124                mbed::I2C::I2C(PinName, PinName)
 .text._ZN4mbed3I2C6aquireEv
                0x0000000000021154       0x1c ym/mbed-classic/existing/mbed-classic.a(I2C.cpp.obj)
                0x0000000000021154                mbed::I2C::aquire()
 .text._ZN4mbed11InterruptInD2Ev
                0x0000000000021170       0x18 ym/mbed-classic/existing/mbed-classic.a(InterruptIn.cpp.obj)
                0x0000000000021170                mbed::InterruptIn::~InterruptIn()
                0x0000000000021170                mbed::InterruptIn::~InterruptIn()
 .text._ZN4mbed11InterruptInC2E7PinName
                0x0000000000021188       0x48 ym/mbed-classic/existing/mbed-classic.a(InterruptIn.cpp.obj)
                0x0000000000021188                mbed::InterruptIn::InterruptIn(PinName)
                0x0000000000021188                mbed::InterruptIn::InterruptIn(PinName)
 .text._ZN4mbed9RawSerialC2E7PinNameS1_
                0x00000000000211d0       0x14 ym/mbed-classic/existing/mbed-classic.a(RawSerial.cpp.obj)
                0x00000000000211d0                mbed::RawSerial::RawSerial(PinName, PinName)
                0x00000000000211d0                mbed::RawSerial::RawSerial(PinName, PinName)
 .text._ZN4mbed10SerialBaseC2E7PinNameS1_
                0x00000000000211e4       0x3c ym/mbed-classic/existing/mbed-classic.a(SerialBase.cpp.obj)
                0x00000000000211e4                mbed::SerialBase::SerialBase(PinName, PinName)
                0x00000000000211e4                mbed::SerialBase::SerialBase(PinName, PinName)
 .text._ZN4mbed6TickerD2Ev
                0x0000000000021220       0x1c ym/mbed-classic/existing/mbed-classic.a(Ticker.cpp.obj)
                0x0000000000021220                mbed::Ticker::~Ticker()
                0x0000000000021220                mbed::Ticker::~Ticker()
 .text._ZN4mbed7TimeoutD2Ev
                0x000000000002123c       0x1c ym/mbed-classic/existing/mbed-classic.a(Timeout.cpp.obj)
                0x000000000002123c                mbed::Timeout::~Timeout()
                0x000000000002123c                mbed::Timeout::~Timeout()
 .text._ZN4mbed10TimerEventC2Ev
                0x0000000000021258       0x2c ym/mbed-classic/existing/mbed-classic.a(TimerEvent.cpp.obj)
                0x0000000000021258                mbed::TimerEvent::TimerEvent()
                0x0000000000021258                mbed::TimerEvent::TimerEvent()
 .text._ZN4mbed10TimerEventD2Ev
                0x0000000000021284       0x18 ym/mbed-classic/existing/mbed-classic.a(TimerEvent.cpp.obj)
                0x0000000000021284                mbed::TimerEvent::~TimerEvent()
                0x0000000000021284                mbed::TimerEvent::~TimerEvent()
 .text.get_us_ticker_data
                0x000000000002129c        0x8 ym/mbed-classic/existing/mbed-classic.a(us_ticker_api.c.obj)
                0x000000000002129c                get_us_ticker_data
 .text.us_ticker_irq_handler
                0x00000000000212a4       0x10 ym/mbed-classic/existing/mbed-classic.a(us_ticker_api.c.obj)
                0x00000000000212a4                us_ticker_irq_handler
 .text          0x00000000000212b4       0x48 ym/mbed-classic/existing/mbed-classic.a(startup_NRF51822.S.obj)
                0x00000000000212b4                Reset_Handler
                0x00000000000212f0                NMI_Handler
                0x00000000000212f2                HardFault_Handler
                0x00000000000212f4                SVC_Handler
                0x00000000000212f6                PendSV_Handler
                0x00000000000212f8                SysTick_Handler
                0x00000000000212fa                SPI0_TWI0_IRQHandler
                0x00000000000212fa                RTC0_IRQHandler
                0x00000000000212fa                POWER_CLOCK_IRQHandler
                0x00000000000212fa                LPCOMP_IRQHandler
                0x00000000000212fa                SWI4_IRQHandler
                0x00000000000212fa                TEMP_IRQHandler
                0x00000000000212fa                QDEC_IRQHandler
                0x00000000000212fa                SWI5_IRQHandler
                0x00000000000212fa                TIMER0_IRQHandler
                0x00000000000212fa                SWI0_IRQHandler
                0x00000000000212fa                ECB_IRQHandler
                0x00000000000212fa                Default_Handler
                0x00000000000212fa                ADC_IRQHandler
                0x00000000000212fa                SWI3_IRQHandler
                0x00000000000212fa                CCM_AAR_IRQHandler
                0x00000000000212fa                WDT_IRQHandler
                0x00000000000212fa                RNG_IRQHandler
                0x00000000000212fa                SPI1_TWI1_IRQHandler
                0x00000000000212fa                RTC1_IRQHandler
 .text.gpio_init
                0x00000000000212fc       0x30 ym/mbed-classic/existing/mbed-classic.a(gpio_api.c.obj)
                0x00000000000212fc                gpio_init
 .text.GPIOTE_IRQHandler
                0x000000000002132c       0xf4 ym/mbed-classic/existing/mbed-classic.a(gpio_irq_api.c.obj)
                0x000000000002132c                GPIOTE_IRQHandler
 .text.gpio_irq_init
                0x0000000000021420       0x60 ym/mbed-classic/existing/mbed-classic.a(gpio_irq_api.c.obj)
                0x0000000000021420                gpio_irq_init
 .text.gpio_irq_free
                0x0000000000021480       0x10 ym/mbed-classic/existing/mbed-classic.a(gpio_irq_api.c.obj)
                0x0000000000021480                gpio_irq_free
 .text.gpio_irq_set
                0x0000000000021490       0x9c ym/mbed-classic/existing/mbed-classic.a(gpio_irq_api.c.obj)
                0x0000000000021490                gpio_irq_set
 .text.i2c_do_write
                0x000000000002152c       0x28 ym/mbed-classic/existing/mbed-classic.a(i2c_api.c.obj)
                0x000000000002152c                i2c_do_write
 .text.i2c_do_read
                0x0000000000021554       0x3c ym/mbed-classic/existing/mbed-classic.a(i2c_api.c.obj)
                0x0000000000021554                i2c_do_read
 .text.i2c_frequency
                0x0000000000021590       0x48 ym/mbed-classic/existing/mbed-classic.a(i2c_api.c.obj)
                0x0000000000021590                i2c_frequency
 .text.twi_master_init
                0x00000000000215d8       0x48 ym/mbed-classic/existing/mbed-classic.a(i2c_api.c.obj)
                0x00000000000215d8                twi_master_init
 .text.i2c_init
                0x0000000000021620       0xc4 ym/mbed-classic/existing/mbed-classic.a(i2c_api.c.obj)
                0x0000000000021620                i2c_init
 .text.i2c_reset
                0x00000000000216e4       0x30 ym/mbed-classic/existing/mbed-classic.a(i2c_api.c.obj)
                0x00000000000216e4                i2c_reset
 .text.i2c_stop
                0x0000000000021714       0x34 ym/mbed-classic/existing/mbed-classic.a(i2c_api.c.obj)
                0x0000000000021714                i2c_stop
 .text.checkError
                0x0000000000021748       0x28 ym/mbed-classic/existing/mbed-classic.a(i2c_api.c.obj)
                0x0000000000021748                checkError
 .text.port_init
                0x0000000000021770       0x28 ym/mbed-classic/existing/mbed-classic.a(port_api.c.obj)
                0x0000000000021770                port_init
 .text.pwm_disconnect
                0x0000000000021798       0x60 ym/mbed-classic/existing/mbed-classic.a(pwmout_api.c.obj)
 .text.TIMER2_IRQHandler
                0x00000000000217f8       0x68 ym/mbed-classic/existing/mbed-classic.a(pwmout_api.c.obj)
                0x00000000000217f8                TIMER2_IRQHandler
 .text.serial_baud.part.0
                0x0000000000021860       0x38 ym/mbed-classic/existing/mbed-classic.a(serial_api.c.obj)
 .text.serial_init
                0x0000000000021898       0xb8 ym/mbed-classic/existing/mbed-classic.a(serial_api.c.obj)
                0x0000000000021898                serial_init
 .text.serial_baud
                0x0000000000021950       0x20 ym/mbed-classic/existing/mbed-classic.a(serial_api.c.obj)
                0x0000000000021950                serial_baud
 .text.UART0_IRQHandler
                0x0000000000021970       0x4c ym/mbed-classic/existing/mbed-classic.a(serial_api.c.obj)
                0x0000000000021970                UART0_IRQHandler
 .text.serial_irq_handler
                0x00000000000219bc       0x18 ym/mbed-classic/existing/mbed-classic.a(serial_api.c.obj)
                0x00000000000219bc                serial_irq_handler
 .text.twi_master_clear_bus
                0x00000000000219d4       0xb0 ym/mbed-classic/existing/mbed-classic.a(twi_master.c.obj)
 .text.twi_master_init_and_clear
                0x0000000000021a84       0x74 ym/mbed-classic/existing/mbed-classic.a(twi_master.c.obj)
                0x0000000000021a84                twi_master_init_and_clear
 .text.tmr1_getCounter64
                0x0000000000021af8       0x50 ym/mbed-classic/existing/mbed-classic.a(us_ticker.c.obj)
 .text.TIMER1_IRQHandler
                0x0000000000021b48       0x50 ym/mbed-classic/existing/mbed-classic.a(us_ticker.c.obj)
                0x0000000000021b48                TIMER1_IRQHandler
 .text.us_ticker_init
                0x0000000000021b98       0x8c ym/mbed-classic/existing/mbed-classic.a(us_ticker.c.obj)
                0x0000000000021b98                us_ticker_init
 .text.us_ticker_read
                0x0000000000021c24       0x18 ym/mbed-classic/existing/mbed-classic.a(us_ticker.c.obj)
                0x0000000000021c24                us_ticker_read
 .text.us_ticker_set_interrupt
                0x0000000000021c3c       0x54 ym/mbed-classic/existing/mbed-classic.a(us_ticker.c.obj)
                0x0000000000021c3c                us_ticker_set_interrupt
 .text.SystemInit
                0x0000000000021c90       0xac ym/mbed-classic/existing/mbed-classic.a(system_nrf51.c.obj)
                0x0000000000021c90                SystemInit
 .text._ZSt15get_new_handlerv